Archive member included to satisfy reference by file (symbol)

C:/ti/energia_cc3220emt_5.6.2/system/source\ti/drivers/lib/drivers_cc32xx.am4g(PowerCC32XX.om4g)
                              C:/ti/energia_cc3220emt_5.6.2/system/energia\configPkg/package/cfg/energia_pm4g.om4g (Power_idleFunc)
C:/ti/energia_cc3220emt_5.6.2/system/source\ti/drivers/lib/drivers_cc32xx.am4g(PowerCC32XX_asm.om4g)
                              C:/ti/energia_cc3220emt_5.6.2/system/source\ti/drivers/lib/drivers_cc32xx.am4g(PowerCC32XX.om4g) (PowerCC32XX_enterLPDS)
C:/ti/energia_cc3220emt_5.6.2/system/source\ti/drivers/lib/drivers_cc32xx.am4g(List.om4g)
                              C:/ti/energia_cc3220emt_5.6.2/system/source\ti/drivers/lib/drivers_cc32xx.am4g(PowerCC32XX.om4g) (List_empty)
C:/ti/energia_cc3220emt_5.6.2/system/kernel/tirtos/packages\ti/dpl/lib/dpl_cc32xx.am4g(HwiP_tirtos.om4g)
                              C:/ti/energia_cc3220emt_5.6.2/system/source\ti/drivers/lib/drivers_cc32xx.am4g(PowerCC32XX.om4g) (HwiP_disable)
C:/ti/energia_cc3220emt_5.6.2/system/energia\src/sysbios/sysbios.am4g(m3_Hwi_asm_gnu.o)
                              C:/ti/energia_cc3220emt_5.6.2/system/energia\configPkg/package/cfg/energia_pm4g.om4g (ti_sysbios_family_arm_m3_Hwi_pendSV(int0_t))
C:/ti/energia_cc3220emt_5.6.2/system/energia\src/sysbios/sysbios.am4g(m3_Hwi_asm_switch_gnu.o)
                              C:/ti/energia_cc3220emt_5.6.2/system/energia\configPkg/package/cfg/energia_pm4g.om4g (ti_sysbios_family_arm_m3_Hwi_getTaskSP__E)
C:/ti/energia_cc3220emt_5.6.2/system/energia\src/sysbios/sysbios.am4g(m3_IntrinsicsSupport_asm_gnu.o)
                              C:/ti/energia_cc3220emt_5.6.2/system/energia\configPkg/package/cfg/energia_pm4g.om4g (ti_sysbios_family_arm_m3_IntrinsicsSupport_maxbit__E)
C:/ti/energia_cc3220emt_5.6.2/system/energia\src/sysbios/sysbios.am4g(m3_TaskSupport_asm_gnu.o)
                              C:/ti/energia_cc3220emt_5.6.2/system/energia\configPkg/package/cfg/energia_pm4g.om4g (ti_sysbios_family_arm_m3_TaskSupport_swap__E)
C:/ti/energia_cc3220emt_5.6.2/system/energia\src/sysbios/sysbios.am4g(_BIOS.o)
                              C:/ti/energia_cc3220emt_5.6.2/system/energia\configPkg/package/cfg/energia_pm4g.om4g (ti_sysbios_BIOS_linkedWithIncorrectBootLibrary__E)
C:/ti/energia_cc3220emt_5.6.2/system/energia\src/sysbios/sysbios.am4g(knl_Clock.o)
                              C:/ti/energia_cc3220emt_5.6.2/system/energia\configPkg/package/cfg/energia_pm4g.om4g (ti_sysbios_knl_Clock_Module_startup__E)
C:/ti/energia_cc3220emt_5.6.2/system/energia\src/sysbios/sysbios.am4g(knl_Idle.o)
                              C:/ti/energia_cc3220emt_5.6.2/system/energia\configPkg/package/cfg/energia_pm4g.om4g (ti_sysbios_knl_Idle_loop__E)
C:/ti/energia_cc3220emt_5.6.2/system/energia\src/sysbios/sysbios.am4g(knl_Event.o)
                              C:/ti/energia_cc3220emt_5.6.2/system/energia\configPkg/package/cfg/energia_pm4g.om4g (ti_sysbios_knl_Event_Instance_init__E)
C:/ti/energia_cc3220emt_5.6.2/system/energia\src/sysbios/sysbios.am4g(knl_Mailbox.o)
                              C:/ti/energia_cc3220emt_5.6.2/system/energia\configPkg/package/cfg/energia_pm4g.om4g (ti_sysbios_knl_Mailbox_Module_startup__E)
C:/ti/energia_cc3220emt_5.6.2/system/energia\src/sysbios/sysbios.am4g(knl_Queue.o)
                              C:/ti/energia_cc3220emt_5.6.2/system/energia\configPkg/package/cfg/energia_pm4g.om4g (ti_sysbios_knl_Queue_Instance_init__E)
C:/ti/energia_cc3220emt_5.6.2/system/energia\src/sysbios/sysbios.am4g(knl_Semaphore.o)
                              C:/ti/energia_cc3220emt_5.6.2/system/energia\configPkg/package/cfg/energia_pm4g.om4g (ti_sysbios_knl_Semaphore_Instance_init__E)
C:/ti/energia_cc3220emt_5.6.2/system/energia\src/sysbios/sysbios.am4g(knl_Swi.o)
                              C:/ti/energia_cc3220emt_5.6.2/system/energia\configPkg/package/cfg/energia_pm4g.om4g (ti_sysbios_knl_Swi_Module_startup__E)
C:/ti/energia_cc3220emt_5.6.2/system/energia\src/sysbios/sysbios.am4g(knl_Task.o)
                              C:/ti/energia_cc3220emt_5.6.2/system/energia\configPkg/package/cfg/energia_pm4g.om4g (ti_sysbios_knl_Task_Module_startup__E)
C:/ti/energia_cc3220emt_5.6.2/system/energia\src/sysbios/sysbios.am4g(hal_Hwi.o)
                              C:/ti/energia_cc3220emt_5.6.2/system/energia\configPkg/package/cfg/energia_pm4g.om4g (ti_sysbios_hal_Hwi_Module_startup__E)
C:/ti/energia_cc3220emt_5.6.2/system/energia\src/sysbios/sysbios.am4g(hal_Hwi_stack.o)
                              C:/ti/energia_cc3220emt_5.6.2/system/energia\configPkg/package/cfg/energia_pm4g.om4g (ti_sysbios_hal_Hwi_initStack)
C:/ti/energia_cc3220emt_5.6.2/system/energia\src/sysbios/sysbios.am4g(hal_Hwi_startup.o)
                              C:/ti/energia_cc3220emt_5.6.2/system/energia\configPkg/package/cfg/energia_pm4g.om4g (ti_sysbios_hal_Hwi_startup__E)
C:/ti/energia_cc3220emt_5.6.2/system/energia\src/sysbios/sysbios.am4g(hal_Seconds.o)
[...]
Memory Configuration

Name             Origin             Length             Attributes
FLASH            0x00000000         0x00000000         xr
SRAM0            0x20000000         0x00004000         xrw
SRAM             0x20004000         0x0003c000         xrw
*default*        0x00000000         0xffffffff

Linker script and memory map

LOAD ./main.o
LOAD ./WiFiChatServer.o
START GROUP
                0x00000400                __STACK_SIZE = 0x400
                0x00000400                __TI_STACK_SIZE = __STACK_SIZE
LOAD C:/ti/energia_cc3220emt_5.6.2/system/energia\configPkg/package/cfg/energia_pm4g.om4g
LOAD C:/ti/energia_cc3220emt_5.6.2/system/source\ti/drivers/lib/drivers_cc32xx.am4g
LOAD C:/ti/energia_cc3220emt_5.6.2/system/kernel/tirtos/packages\ti/dpl/lib/dpl_cc32xx.am4g
LOAD C:/ti/energia_cc3220emt_5.6.2/system/energia\src/sysbios/sysbios.am4g
LOAD C:/ti/energia_cc3220emt_5.6.2/system/source\third_party/fatfs/lib/fatfs.am4g
LOAD C:/ti/energia_cc3220emt_5.6.2/system/kernel/tirtos/packages\gnu/targets/arm/rtsv7M/lib/gnu.targets.arm.rtsv7M.am4g
LOAD C:/ti/energia_cc3220emt_5.6.2/system/kernel/tirtos/packages\gnu/targets/arm/rtsv7M/lib/boot.am4g
LOAD C:/ti/energia_cc3220emt_5.6.2/system/kernel/tirtos/packages\gnu/targets/arm/rtsv7M/lib/syscalls.am4g
                0x00000001                xdc_runtime_Startup__EXECFXN__C = 0x1
                0x00000001                xdc_runtime_Startup__RESETFXN__C = 0x1
                [!provide]                PROVIDE (_vtable_base_address, DEFINED (_vtable_base_address)?_vtable_base_address:0x20000000)

.vtable         0x20000000      0x30c
 *(.vtable)
 .vtable        0x20000000      0x30c C:/ti/energia_cc3220emt_5.6.2/system/energia\configPkg/package/cfg/energia_pm4g.om4g
                0x20000000                ti_sysbios_family_arm_m3_Hwi_ramVectors
                [!provide]                PROVIDE (_intvecs_base_address, DEFINED (_intvecs_base_address)?_intvecs_base_address:0x20004000)

.intvecs        0x20004000       0x3c
 *(.intvecs)
 .intvecs       0x20004000       0x3c C:/ti/energia_cc3220emt_5.6.2/system/energia\configPkg/package/cfg/energia_pm4g.om4g
                0x20004000                ti_sysbios_family_arm_m3_Hwi_resetVectors

.text           0x20004040     0xeae0
 CREATE_OBJECT_SYMBOLS
 *(.text)
 .text          0x20004040       0x98 C:/ti/energia_cc3220emt_5.6.2/system/source\ti/drivers/lib/drivers_cc32xx.am4g(PowerCC32XX_asm.om4g)
                0x20004040                PowerCC32XX_enterLPDS
                0x20004084                PowerCC32XX_resumeLPDS
 .text          0x200040d8       0x30 c:/ti/energia_tool_arm-none-eabi-gcc_6.3.1-20170620/bin/../lib/gcc/arm-none-eabi/6.3.1/thumb/v7e-m\libgcc.a(_aeabi_uldivmod.o)
                0x200040d8                __aeabi_uldivmod
 .text          0x20004108      0x2dc c:/ti/energia_tool_arm-none-eabi-gcc_6.3.1-20170620/bin/../lib/gcc/arm-none-eabi/6.3.1/thumb/v7e-m\libgcc.a(_udivmoddi4.o)
                0x20004108                __udivmoddi4
 .text          0x200043e4        0x4 c:/ti/energia_tool_arm-none-eabi-gcc_6.3.1-20170620/bin/../lib/gcc/arm-none-eabi/6.3.1/thumb/v7e-m\libgcc.a(_dvmd_tls.o)
                0x200043e4                __aeabi_ldiv0
                0x200043e4                __aeabi_idiv0
 .text          0x200043e8       0x10 C:/ti/energia_cc3220emt_5.6.2/system/kernel/tirtos/packages/gnu/targets/arm/libs/install-native/arm-none-eabi/lib/thumb/v7e-m\libc_nano.a(lib_a-strlen.o)
                0x200043e8                strlen
 *(.text.*)
 .text._Z8the_taskjj
                0x200043f8       0x12 ./main.o
                0x200043f8                the_task(unsigned int, unsigned int)
 *fill*         0x2000440a        0x2 
 .text.startup.main
                0x2000440c       0x5c ./main.o
                0x2000440c                main
 .text._Z15printWifiStatusv
                0x20004468       0x74 ./WiFiChatServer.o
                0x20004468                printWifiStatus()
 .text.startup._GLOBAL__sub_I_ssid
                0x200044dc        0xc ./WiFiChatServer.o
 .text._Z5setupv
                0x200044e8       0xc4 ./WiFiChatServer.o
                0x200044e8                setup()
 .text._Z4loopv
                0x200045ac       0x78 ./WiFiChatServer.o
                0x200045ac                loop()
 .text.xdc_runtime_Startup_exec__I
                0x20004624       0x14 C:/ti/energia_cc3220emt_5.6.2/system/energia\configPkg/package/cfg/energia_pm4g.om4g
                0x20004624                xdc_runtime_Startup_exec(int0_t)
 .text.ti_sysbios_BIOS_startFunc__I
                0x20004638       0x30 C:/ti/energia_cc3220emt_5.6.2/system/energia\configPkg/package/cfg/energia_pm4g.om4g
                0x20004638                ti_sysbios_BIOS_startFunc(int0_t)
 .text.ti_sysbios_BIOS_atExitFunc__I
                0x20004668       0x10 C:/ti/energia_cc3220emt_5.6.2/system/energia\configPkg/package/cfg/energia_pm4g.om4g
                0x20004668                ti_sysbios_BIOS_atExitFunc(int0_t)
 .text.ti_sysbios_BIOS_exitFunc__I
                0x20004678       0x14 C:/ti/energia_cc3220emt_5.6.2/system/energia\configPkg/package/cfg/energia_pm4g.om4g
                0x20004678                ti_sysbios_BIOS_exitFunc(int0_t)
 .text.ti_sysbios_gates_GateHwi_Handle__label__S
                0x2000468c       0x18 C:/ti/energia_cc3220emt_5.6.2/system/energia\configPkg/package/cfg/energia_pm4g.om4g
                0x2000468c                ti_sysbios_gates_GateHwi_Handle__label(void) static
 .text.ti_sysbios_gates_GateMutex_Handle__label__S
                0x200046a4       0x18 C:/ti/energia_cc3220emt_5.6.2/system/energia\configPkg/package/cfg/energia_pm4g.om4g
                0x200046a4                ti_sysbios_gates_GateMutex_Handle__label(void) static
 .text.ti_sysbios_heaps_HeapMem_Handle__label__S
                0x200046bc       0x18 C:/ti/energia_cc3220emt_5.6.2/system/energia\configPkg/package/cfg/energia_pm4g.om4g
                0x200046bc                ti_sysbios_heaps_HeapMem_Handle__label(void) static
 .text.ti_sysbios_gates_GateHwi_Object__delete__S
                0x200046d4       0x24 C:/ti/energia_cc3220emt_5.6.2/system/energia\configPkg/package/cfg/energia_pm4g.om4g
                0x200046d4                ti_sysbios_gates_GateHwi_Object__delete(void) static
 .text.ti_sysbios_gates_GateMutex_Object__delete__S
                0x200046f8       0x28 C:/ti/energia_cc3220emt_5.6.2/system/energia\configPkg/package/cfg/energia_pm4g.om4g
                0x200046f8                ti_sysbios_gates_GateMutex_Object__delete(void) static
 .text.ti_sysbios_heaps_HeapMem_Object__delete__S
                0x20004720       0x24 C:/ti/energia_cc3220emt_5.6.2/system/energia\configPkg/package/cfg/energia_pm4g.om4g
                0x20004720                ti_sysbios_heaps_HeapMem_Object__delete(void) static
 .text.ti_sysbios_gates_GateHwi_Object__create__S
                0x20004744       0x2c C:/ti/energia_cc3220emt_5.6.2/system/energia\configPkg/package/cfg/energia_pm4g.om4g
                0x20004744                ti_sysbios_gates_GateHwi_Object__create(void) static
 .text.ti_sysbios_gates_GateMutex_Object__create__S
                0x20004770       0x2c C:/ti/energia_cc3220emt_5.6.2/system/energia\configPkg/package/cfg/energia_pm4g.om4g
                0x20004770                ti_sysbios_gates_GateMutex_Object__create(void) static
 .text.ti_sysbios_heaps_HeapMem_Object__create__S
                0x2000479c       0x2c C:/ti/energia_cc3220emt_5.6.2/system/energia\configPkg/package/cfg/energia_pm4g.om4g
                0x2000479c                ti_sysbios_heaps_HeapMem_Object__create(void) static
 .text.ti_sysbios_knl_Clock_doTick__I
                0x200047c8       0x30 C:/ti/energia_cc3220emt_5.6.2/system/energia\configPkg/package/cfg/energia_pm4g.om4g
                0x200047c8                ti_sysbios_knl_Clock_doTick(int0_t)
 .text.xdc_runtime_Startup_reset__I
                0x200047f8        0x4 C:/ti/energia_cc3220emt_5.6.2/system/energia\configPkg/package/cfg/energia_pm4g.om4g
                0x200047f8                xdc_runtime_Startup_reset(int0_t)
 .text.ti_sysbios_utils_Load_update__E
                0x200047fc        0x4 C:/ti/energia_cc3220emt_5.6.2/system/energia\configPkg/package/cfg/energia_pm4g.om4g
                0x200047fc                ti_sysbios_utils_Load_update__E
 .text.free     0x20004800       0x18 C:/ti/energia_cc3220emt_5.6.2/system/energia\configPkg/package/cfg/energia_pm4g.om4g
                0x20004800                free
 .text._free_r  0x20004818        0x8 C:/ti/energia_cc3220emt_5.6.2/system/energia\configPkg/package/cfg/energia_pm4g.om4g
                0x20004818                _free_r
 .text.ti_sysbios_hal_Hwi_HwiProxy_Module__startupDone__S
                0x20004820       0x14 C:/ti/energia_cc3220emt_5.6.2/system/energia\configPkg/package/cfg/energia_pm4g.om4g
                0x20004820                ti_sysbios_hal_Hwi_HwiProxy_Module__startupDone(void) static
 .text.ti_sysbios_hal_Hwi_HwiProxy_getStackInfo__E
                0x20004834        0x4 C:/ti/energia_cc3220emt_5.6.2/system/energia\configPkg/package/cfg/energia_pm4g.om4g
                0x20004834                ti_sysbios_hal_Hwi_HwiProxy_getStackInfo__E
 .text.ti_sysbios_hal_Hwi_HwiProxy_startup__E
                0x20004838        0x4 C:/ti/energia_cc3220emt_5.6.2/system/energia\configPkg/package/cfg/energia_pm4g.om4g
                0x20004838                ti_sysbios_hal_Hwi_HwiProxy_startup__E
 .text.ti_sysbios_hal_Hwi_HwiProxy_switchFromBootStack__E
                0x2000483c        0x4 C:/ti/energia_cc3220emt_5.6.2/system/energia\configPkg/package/cfg/energia_pm4g.om4g
                0x2000483c                ti_sysbios_hal_Hwi_HwiProxy_switchFromBootStack__E
 .text.ti_sysbios_heaps_HeapMem_Module_GateProxy_query__E
                0x20004840        0x4 C:/ti/energia_cc3220emt_5.6.2/system/energia\configPkg/package/cfg/energia_pm4g.om4g
                0x20004840                ti_sysbios_heaps_HeapMem_Module_GateProxy_query__E
 .text.ti_sysbios_heaps_HeapMem_Module_GateProxy_enter__E
                0x20004844        0x4 C:/ti/energia_cc3220emt_5.6.2/system/energia\configPkg/package/cfg/energia_pm4g.om4g
                0x20004844                ti_sysbios_heaps_HeapMem_Module_GateProxy_enter__E
 .text.ti_sysbios_heaps_HeapMem_Module_GateProxy_leave__E
                0x20004848        0x4 C:/ti/energia_cc3220emt_5.6.2/system/energia\configPkg/package/cfg/energia_pm4g.om4g
                0x20004848                ti_sysbios_heaps_HeapMem_Module_GateProxy_leave__E
 .text.ti_sysbios_knl_Clock_TimerProxy_Module__startupDone__S
                0x2000484c       0x14 C:/ti/energia_cc3220emt_5.6.2/system/energia\configPkg/package/cfg/energia_pm4g.om4g
                0x2000484c                ti_sysbios_knl_Clock_TimerProxy_Module__startupDone(void) static
 .text.ti_sysbios_knl_Task_SupportProxy_Module__startupDone__S
                0x20004860        0x4 C:/ti/energia_cc3220emt_5.6.2/system/energia\configPkg/package/cfg/energia_pm4g.om4g
                0x20004860                ti_sysbios_knl_Task_SupportProxy_Module__startupDone(void) static
 .text.ti_sysbios_knl_Task_SupportProxy_start__E
                0x20004864        0x4 C:/ti/energia_cc3220emt_5.6.2/system/energia\configPkg/package/cfg/energia_pm4g.om4g
                0x20004864                ti_sysbios_knl_Task_SupportProxy_start__E
 .text.ti_sysbios_knl_Task_SupportProxy_swap__E
                0x20004868        0x4 C:/ti/energia_cc3220emt_5.6.2/system/energia\configPkg/package/cfg/energia_pm4g.om4g
                0x20004868                ti_sysbios_knl_Task_SupportProxy_swap__E
 .text.ti_sysbios_knl_Task_SupportProxy_getStackAlignment__E
                0x2000486c        0x4 C:/ti/energia_cc3220emt_5.6.2/system/energia\configPkg/package/cfg/energia_pm4g.om4g
                0x2000486c                ti_sysbios_knl_Task_SupportProxy_getStackAlignment__E
 .text.xdc_runtime_Memory_HeapProxy_alloc__E
                0x20004870        0xc C:/ti/energia_cc3220emt_5.6.2/system/energia\configPkg/package/cfg/energia_pm4g.om4g
                0x20004870                xdc_runtime_Memory_HeapProxy_alloc__E
 .text.xdc_runtime_Memory_HeapProxy_free__E
                0x2000487c        0x8 C:/ti/energia_cc3220emt_5.6.2/system/energia\configPkg/package/cfg/energia_pm4g.om4g
                0x2000487c                xdc_runtime_Memory_HeapProxy_free__E
 .text.xdc_runtime_System_Module_GateProxy_enter__E
                0x20004884        0x4 C:/ti/energia_cc3220emt_5.6.2/system/energia\configPkg/package/cfg/energia_pm4g.om4g
                0x20004884                xdc_runtime_System_Module_GateProxy_enter__E
 .text.xdc_runtime_System_Module_GateProxy_leave__E
                0x20004888        0x4 C:/ti/energia_cc3220emt_5.6.2/system/energia\configPkg/package/cfg/energia_pm4g.om4g
                0x20004888                xdc_runtime_System_Module_GateProxy_leave__E
 .text.xdc_runtime_System_SupportProxy_abort__E
                0x2000488c        0x4 C:/ti/energia_cc3220emt_5.6.2/system/energia\configPkg/package/cfg/energia_pm4g.om4g
                0x2000488c                xdc_runtime_System_SupportProxy_abort__E
 .text.xdc_runtime_System_SupportProxy_exit__E
                0x20004890        0x4 C:/ti/energia_cc3220emt_5.6.2/system/energia\configPkg/package/cfg/energia_pm4g.om4g
                0x20004890                xdc_runtime_System_SupportProxy_exit__E
 .text.xdc_runtime_System_SupportProxy_flush__E
                0x20004894        0x4 C:/ti/energia_cc3220emt_5.6.2/system/energia\configPkg/package/cfg/energia_pm4g.om4g
                0x20004894                xdc_runtime_System_SupportProxy_flush__E
 .text.xdc_runtime_Timestamp_SupportProxy_get32__E
                0x20004898        0x4 C:/ti/energia_cc3220emt_5.6.2/system/energia\configPkg/package/cfg/energia_pm4g.om4g
                0x20004898                xdc_runtime_Timestamp_SupportProxy_get32__E
 .text.xdc_runtime_Timestamp_SupportProxy_getFreq__E
                0x2000489c        0x4 C:/ti/energia_cc3220emt_5.6.2/system/energia\configPkg/package/cfg/energia_pm4g.om4g
                0x2000489c                xdc_runtime_Timestamp_SupportProxy_getFreq__E
 .text.ti_sysbios_family_arm_lm4_Timer_Module__startupDone__S
                0x200048a0       0x14 C:/ti/energia_cc3220emt_5.6.2/system/energia\configPkg/package/cfg/energia_pm4g.om4g
                0x200048a0                ti_sysbios_family_arm_lm4_Timer_Module__startupDone(void) static
 .text.ti_sysbios_hal_Timer_TimerProxy_Module__startupDone__S
                0x200048b4        0x4 C:/ti/energia_cc3220emt_5.6.2/system/energia\configPkg/package/cfg/energia_pm4g.om4g
                0x200048b4                ti_sysbios_hal_Timer_TimerProxy_Module__startupDone(void) static
 .text.ti_sysbios_family_arm_m3_Hwi_Params__init__S
                0x200048b8       0x14 C:/ti/energia_cc3220emt_5.6.2/system/energia\configPkg/package/cfg/energia_pm4g.om4g
                0x200048b8                ti_sysbios_family_arm_m3_Hwi_Params__init(void) static
 .text.ti_sysbios_family_arm_m3_Hwi_Object__get__S
                0x200048cc       0x1c C:/ti/energia_cc3220emt_5.6.2/system/energia\configPkg/package/cfg/energia_pm4g.om4g
                0x200048cc                ti_sysbios_family_arm_m3_Hwi_Object__get(void) static
 .text.ti_sysbios_family_arm_m3_Hwi_create
                0x200048e8       0x54 C:/ti/energia_cc3220emt_5.6.2/system/energia\configPkg/package/cfg/energia_pm4g.om4g
                0x200048e8                ti_sysbios_family_arm_m3_Hwi_create
 .text.ti_sysbios_family_arm_m3_Hwi_delete
                0x2000493c       0x24 C:/ti/energia_cc3220emt_5.6.2/system/energia\configPkg/package/cfg/energia_pm4g.om4g
                0x2000493c                ti_sysbios_family_arm_m3_Hwi_delete
 .text.ti_sysbios_gates_GateMutex_create
                0x20004960       0x2c C:/ti/energia_cc3220emt_5.6.2/system/energia\configPkg/package/cfg/energia_pm4g.om4g
                0x20004960                ti_sysbios_gates_GateMutex_create
 .text.ti_sysbios_gates_GateMutex_construct
                0x2000498c       0x28 C:/ti/energia_cc3220emt_5.6.2/system/energia\configPkg/package/cfg/energia_pm4g.om4g
                0x2000498c                ti_sysbios_gates_GateMutex_construct
 .text.ti_sysbios_gates_GateMutex_delete
                0x200049b4       0x28 C:/ti/energia_cc3220emt_5.6.2/system/energia\configPkg/package/cfg/energia_pm4g.om4g
                0x200049b4                ti_sysbios_gates_GateMutex_delete
 .text.ti_sysbios_heaps_HeapMem_Object__get__S
                0x200049dc       0x1c C:/ti/energia_cc3220emt_5.6.2/system/energia\configPkg/package/cfg/energia_pm4g.om4g
                0x200049dc                ti_sysbios_heaps_HeapMem_Object__get(void) static
 .text.ti_sysbios_knl_Clock_Params__init__S
                0x200049f8       0x14 C:/ti/energia_cc3220emt_5.6.2/system/energia\configPkg/package/cfg/energia_pm4g.om4g
                0x200049f8                ti_sysbios_knl_Clock_Params__init(void) static
 .text.ti_sysbios_knl_Clock_create
                0x20004a0c       0x34 C:/ti/energia_cc3220emt_5.6.2/system/energia\configPkg/package/cfg/energia_pm4g.om4g
                0x20004a0c                ti_sysbios_knl_Clock_create
 .text.ti_sysbios_knl_Clock_delete
                0x20004a40       0x28 C:/ti/energia_cc3220emt_5.6.2/system/energia\configPkg/package/cfg/energia_pm4g.om4g
                0x20004a40                ti_sysbios_knl_Clock_delete
 .text.ti_sysbios_knl_Mailbox_Object__get__S
                0x20004a68        0xc C:/ti/energia_cc3220emt_5.6.2/system/energia\configPkg/package/cfg/energia_pm4g.om4g
                0x20004a68                ti_sysbios_knl_Mailbox_Object__get(void) static
 .text.ti_sysbios_knl_Queue_Object__get__S
                0x20004a74        0x8 C:/ti/energia_cc3220emt_5.6.2/system/energia\configPkg/package/cfg/energia_pm4g.om4g
                0x20004a74                ti_sysbios_knl_Queue_Object__get(void) static
 .text.ti_sysbios_knl_Queue_construct
                0x20004a7c       0x28 C:/ti/energia_cc3220emt_5.6.2/system/energia\configPkg/package/cfg/energia_pm4g.om4g
                0x20004a7c                ti_sysbios_knl_Queue_construct
 .text.ti_sysbios_knl_Queue_destruct
                0x20004aa4       0x20 C:/ti/energia_cc3220emt_5.6.2/system/energia\configPkg/package/cfg/energia_pm4g.om4g
                0x20004aa4                ti_sysbios_knl_Queue_destruct
 .text.ti_sysbios_knl_Semaphore_Params__init__S
                0x20004ac4       0x14 C:/ti/energia_cc3220emt_5.6.2/system/energia\configPkg/package/cfg/energia_pm4g.om4g
                0x20004ac4                ti_sysbios_knl_Semaphore_Params__init(void) static
 .text.ti_sysbios_knl_Semaphore_create
                0x20004ad8       0x30 C:/ti/energia_cc3220emt_5.6.2/system/energia\configPkg/package/cfg/energia_pm4g.om4g
                0x20004ad8                ti_sysbios_knl_Semaphore_create
 .text.ti_sysbios_knl_Semaphore_construct
                0x20004b08       0x2c C:/ti/energia_cc3220emt_5.6.2/system/energia\configPkg/package/cfg/energia_pm4g.om4g
                0x20004b08                ti_sysbios_knl_Semaphore_construct
 .text.ti_sysbios_knl_Semaphore_destruct
                0x20004b34       0x24 C:/ti/energia_cc3220emt_5.6.2/system/energia\configPkg/package/cfg/energia_pm4g.om4g
                0x20004b34                ti_sysbios_knl_Semaphore_destruct
 .text.ti_sysbios_knl_Semaphore_delete
                0x20004b58       0x28 C:/ti/energia_cc3220emt_5.6.2/system/energia\configPkg/package/cfg/energia_pm4g.om4g
                0x20004b58                ti_sysbios_knl_Semaphore_delete
 .text.ti_sysbios_knl_Task_Params__init__S
                0x20004b80       0x14 C:/ti/energia_cc3220emt_5.6.2/system/energia\configPkg/package/cfg/energia_pm4g.om4g
                0x20004b80                ti_sysbios_knl_Task_Params__init(void) static
 .text.ti_sysbios_knl_Task_Object__get__S
                0x20004b94       0x1c C:/ti/energia_cc3220emt_5.6.2/system/energia\configPkg/package/cfg/energia_pm4g.om4g
                0x20004b94                ti_sysbios_knl_Task_Object__get(void) static
 .text.ti_sysbios_knl_Task_create
                0x20004bb0       0x4c C:/ti/energia_cc3220emt_5.6.2/system/energia\configPkg/package/cfg/energia_pm4g.om4g
                0x20004bb0                ti_sysbios_knl_Task_create
 .text.notify   0x20004bfc       0x48 C:/ti/energia_cc3220emt_5.6.2/system/source\ti/drivers/lib/drivers_cc32xx.am4g(PowerCC32XX.om4g)
 .text.Power_getConstraintMask
                0x20004c44        0xc C:/ti/energia_cc3220emt_5.6.2/system/source\ti/drivers/lib/drivers_cc32xx.am4g(PowerCC32XX.om4g)
                0x20004c44                Power_getConstraintMask
 .text.Power_idleFunc
                0x20004c50       0x14 C:/ti/energia_cc3220emt_5.6.2/system/source\ti/drivers/lib/drivers_cc32xx.am4g(PowerCC32XX.om4g)
                0x20004c50                Power_idleFunc
 .text.Power_registerNotify
                0x20004c64       0x24 C:/ti/energia_cc3220emt_5.6.2/system/source\ti/drivers/lib/drivers_cc32xx.am4g(PowerCC32XX.om4g)
                0x20004c64                Power_registerNotify
 .text.Power_releaseConstraint
                0x20004c88       0x4c C:/ti/energia_cc3220emt_5.6.2/system/source\ti/drivers/lib/drivers_cc32xx.am4g(PowerCC32XX.om4g)
                0x20004c88                Power_releaseConstraint
 .text.Power_releaseDependency
                0x20004cd4       0x5c C:/ti/energia_cc3220emt_5.6.2/system/source\ti/drivers/lib/drivers_cc32xx.am4g(PowerCC32XX.om4g)
                0x20004cd4                Power_releaseDependency
 .text.Power_setConstraint
                0x20004d30       0x38 C:/ti/energia_cc3220emt_5.6.2/system/source\ti/drivers/lib/drivers_cc32xx.am4g(PowerCC32XX.om4g)
                0x20004d30                Power_setConstraint
 .text.Power_setDependency
                0x20004d68       0x60 C:/ti/energia_cc3220emt_5.6.2/system/source\ti/drivers/lib/drivers_cc32xx.am4g(PowerCC32XX.om4g)
                0x20004d68                Power_setDependency
 .text.Power_unregisterNotify
                0x20004dc8       0x20 C:/ti/energia_cc3220emt_5.6.2/system/source\ti/drivers/lib/drivers_cc32xx.am4g(PowerCC32XX.om4g)
                0x20004dc8                Power_unregisterNotify
 .text.PowerCC32XX_configureWakeup
                0x20004de8       0xb4 C:/ti/energia_cc3220emt_5.6.2/system/source\ti/drivers/lib/drivers_cc32xx.am4g(PowerCC32XX.om4g)
                0x20004de8                PowerCC32XX_configureWakeup
 .text.Power_init
                0x20004e9c       0x78 C:/ti/energia_cc3220emt_5.6.2/system/source\ti/drivers/lib/drivers_cc32xx.am4g(PowerCC32XX.om4g)
                0x20004e9c                Power_init
 .text.PowerCC32XX_getParkState
                0x20004f14       0x3c C:/ti/energia_cc3220emt_5.6.2/system/source\ti/drivers/lib/drivers_cc32xx.am4g(PowerCC32XX.om4g)
                0x20004f14                PowerCC32XX_getParkState
 .text.PowerCC32XX_parkPin
                0x20004f50       0x4c C:/ti/energia_cc3220emt_5.6.2/system/source\ti/drivers/lib/drivers_cc32xx.am4g(PowerCC32XX.om4g)
                0x20004f50                PowerCC32XX_parkPin
 .text.PowerCC32XX_restoreParkedPin
                0x20004f9c       0x34 C:/ti/energia_cc3220emt_5.6.2/system/source\ti/drivers/lib/drivers_cc32xx.am4g(PowerCC32XX.om4g)
                0x20004f9c                PowerCC32XX_restoreParkedPin
 .text.Power_sleep
                0x20004fd0      0x4f4 C:/ti/energia_cc3220emt_5.6.2/system/source\ti/drivers/lib/drivers_cc32xx.am4g(PowerCC32XX.om4g)
                0x20004fd0                Power_sleep
 .text.PowerCC32XX_restoreParkState
                0x200054c4       0x3c C:/ti/energia_cc3220emt_5.6.2/system/source\ti/drivers/lib/drivers_cc32xx.am4g(PowerCC32XX.om4g)
                0x200054c4                PowerCC32XX_restoreParkState
 .text.PowerCC32XX_setParkState
                0x20005500       0x70 C:/ti/energia_cc3220emt_5.6.2/system/source\ti/drivers/lib/drivers_cc32xx.am4g(PowerCC32XX.om4g)
                0x20005500                PowerCC32XX_setParkState
 .text.List_empty
                0x20005570        0xc C:/ti/energia_cc3220emt_5.6.2/system/source\ti/drivers/lib/drivers_cc32xx.am4g(List.om4g)
                0x20005570                List_empty
 .text.List_head
                0x2000557c        0x4 C:/ti/energia_cc3220emt_5.6.2/system/source\ti/drivers/lib/drivers_cc32xx.am4g(List.om4g)
                0x2000557c                List_head
 .text.List_next
                0x20005580        0x4 C:/ti/energia_cc3220emt_5.6.2/system/source\ti/drivers/lib/drivers_cc32xx.am4g(List.om4g)
                0x20005580                List_next
 .text.List_put
                0x20005584       0x2c C:/ti/energia_cc3220emt_5.6.2/system/source\ti/drivers/lib/drivers_cc32xx.am4g(List.om4g)
                0x20005584                List_put
 .text.List_remove
                0x200055b0       0x1c C:/ti/energia_cc3220emt_5.6.2/system/source\ti/drivers/lib/drivers_cc32xx.am4g(List.om4g)
                0x200055b0                List_remove
 .text.HwiP_clearInterrupt
                0x200055cc        0x4 C:/ti/energia_cc3220emt_5.6.2/system/kernel/tirtos/packages\ti/dpl/lib/dpl_cc32xx.am4g(HwiP_tirtos.om4g)
                0x200055cc                HwiP_clearInterrupt
 .text.HwiP_create
                0x200055d0       0x44 C:/ti/energia_cc3220emt_5.6.2/system/kernel/tirtos/packages\ti/dpl/lib/dpl_cc32xx.am4g(HwiP_tirtos.om4g)
                0x200055d0                HwiP_create
 .text.HwiP_delete
                0x20005614       0x18 C:/ti/energia_cc3220emt_5.6.2/system/kernel/tirtos/packages\ti/dpl/lib/dpl_cc32xx.am4g(HwiP_tirtos.om4g)
                0x20005614                HwiP_delete
 .text.HwiP_disable
                0x2000562c        0x4 C:/ti/energia_cc3220emt_5.6.2/system/kernel/tirtos/packages\ti/dpl/lib/dpl_cc32xx.am4g(HwiP_tirtos.om4g)
                0x2000562c                HwiP_disable
 .text.HwiP_disableInterrupt
                0x20005630        0x4 C:/ti/energia_cc3220emt_5.6.2/system/kernel/tirtos/packages\ti/dpl/lib/dpl_cc32xx.am4g(HwiP_tirtos.om4g)
                0x20005630                HwiP_disableInterrupt
 .text.HwiP_enableInterrupt
                0x20005634        0x4 C:/ti/energia_cc3220emt_5.6.2/system/kernel/tirtos/packages\ti/dpl/lib/dpl_cc32xx.am4g(HwiP_tirtos.om4g)
                0x20005634                HwiP_enableInterrupt
 .text.HwiP_Params_init
                0x20005638       0x10 C:/ti/energia_cc3220emt_5.6.2/system/kernel/tirtos/packages\ti/dpl/lib/dpl_cc32xx.am4g(HwiP_tirtos.om4g)
                0x20005638                HwiP_Params_init
 .text.HwiP_restore
                0x20005648        0x4 C:/ti/energia_cc3220emt_5.6.2/system/kernel/tirtos/packages\ti/dpl/lib/dpl_cc32xx.am4g(HwiP_tirtos.om4g)
                0x20005648                HwiP_restore
 .text.ti_sysbios_family_arm_m3_Hwi_dispatch__I
                0x2000564c       0xe8 C:/ti/energia_cc3220emt_5.6.2/system/energia\src/sysbios/sysbios.am4g(m3_Hwi_asm_gnu.o)
                0x2000564c                ti_sysbios_family_arm_m3_Hwi_dispatch(int0_t)
                0x200056fc                ti_sysbios_family_arm_m3_Hwi_interruptsAreDisabledButShouldNotBe
                0x20005700                ti_sysbios_family_arm_m3_Hwi_pendSV(int0_t)
 .text.ti_sysbios_family_arm_m3_Hwi_excHandlerAsm__I
                0x20005734       0x20 C:/ti/energia_cc3220emt_5.6.2/system/energia\src/sysbios/sysbios.am4g(m3_Hwi_asm_gnu.o)
                0x20005734                ti_sysbios_family_arm_m3_Hwi_excHandlerAsm(int0_t)
 .text.ti_sysbios_family_arm_m3_Hwi_initStacks__E
                0x20005754       0x48 C:/ti/energia_cc3220emt_5.6.2/system/energia\src/sysbios/sysbios.am4g(m3_Hwi_asm_switch_gnu.o)
                0x20005754                ti_sysbios_family_arm_m3_Hwi_initStacks__E
 .text.ti_sysbios_family_arm_m3_TaskSupport_buildTaskStack
                0x2000579c       0x4c C:/ti/energia_cc3220emt_5.6.2/system/energia\src/sysbios/sysbios.am4g(m3_TaskSupport_asm_gnu.o)
                0x2000579c                ti_sysbios_family_arm_m3_TaskSupport_buildTaskStack
 .text.ti_sysbios_family_arm_m3_TaskSupport_swap__E
                0x200057e8       0x20 C:/ti/energia_cc3220emt_5.6.2/system/energia\src/sysbios/sysbios.am4g(m3_TaskSupport_asm_gnu.o)
                0x200057e8                ti_sysbios_family_arm_m3_TaskSupport_swap__E
                0x200057f0                ti_sysbios_knl_Task_swapReturn
 .text.ti_sysbios_family_arm_m3_TaskSupport_glue
                0x20005808       0x18 C:/ti/energia_cc3220emt_5.6.2/system/energia\src/sysbios/sysbios.am4g(m3_TaskSupport_asm_gnu.o)
                0x20005808                ti_sysbios_family_arm_m3_TaskSupport_glue
 .text.ti_sysbios_BIOS_linkedWithIncorrectBootLibrary__E
                0x20005820        0x4 C:/ti/energia_cc3220emt_5.6.2/system/energia\src/sysbios/sysbios.am4g(_BIOS.o)
                0x20005820                ti_sysbios_BIOS_linkedWithIncorrectBootLibrary__E
 .text.ti_sysbios_BIOS_getThreadType__E
                0x20005824        0xc C:/ti/energia_cc3220emt_5.6.2/system/energia\src/sysbios/sysbios.am4g(_BIOS.o)
                0x20005824                ti_sysbios_BIOS_getThreadType__E
 .text.ti_sysbios_BIOS_setThreadType__E
                0x20005830       0x10 C:/ti/energia_cc3220emt_5.6.2/system/energia\src/sysbios/sysbios.am4g(_BIOS.o)
                0x20005830                ti_sysbios_BIOS_setThreadType__E
 .text.ti_sysbios_BIOS_getCpuFreq__E
                0x20005840       0x10 C:/ti/energia_cc3220emt_5.6.2/system/energia\src/sysbios/sysbios.am4g(_BIOS.o)
                0x20005840                ti_sysbios_BIOS_getCpuFreq__E
 .text.ti_sysbios_BIOS_start__E
                0x20005850        0xc C:/ti/energia_cc3220emt_5.6.2/system/energia\src/sysbios/sysbios.am4g(_BIOS.o)
                0x20005850                ti_sysbios_BIOS_start__E
 .text.ti_sysbios_BIOS_exit__E
                0x2000585c        0xc C:/ti/energia_cc3220emt_5.6.2/system/energia\src/sysbios/sysbios.am4g(_BIOS.o)
                0x2000585c                ti_sysbios_BIOS_exit__E
 .text.ti_sysbios_knl_Clock_Module_startup__E
                0x20005868       0x10 C:/ti/energia_cc3220emt_5.6.2/system/energia\src/sysbios/sysbios.am4g(knl_Clock.o)
                0x20005868                ti_sysbios_knl_Clock_Module_startup__E
 .text.ti_sysbios_knl_Clock_getTicks__E
                0x20005878        0xc C:/ti/energia_cc3220emt_5.6.2/system/energia\src/sysbios/sysbios.am4g(knl_Clock.o)
                0x20005878                ti_sysbios_knl_Clock_getTicks__E
 .text.ti_sysbios_knl_Clock_setTicks__E
                0x20005884        0xc C:/ti/energia_cc3220emt_5.6.2/system/energia\src/sysbios/sysbios.am4g(knl_Clock.o)
                0x20005884                ti_sysbios_knl_Clock_setTicks__E
 .text.ti_sysbios_knl_Clock_getTicksUntilTimeout__E
                0x20005890       0x54 C:/ti/energia_cc3220emt_5.6.2/system/energia\src/sysbios/sysbios.am4g(knl_Clock.o)
                0x20005890                ti_sysbios_knl_Clock_getTicksUntilTimeout__E
 .text.ti_sysbios_knl_Clock_tickStop__E
                0x200058e4        0x4 C:/ti/energia_cc3220emt_5.6.2/system/energia\src/sysbios/sysbios.am4g(knl_Clock.o)
                0x200058e4                ti_sysbios_knl_Clock_tickStop__E
 .text.ti_sysbios_knl_Clock_tickReconfig__E
                0x200058e8        0x4 C:/ti/energia_cc3220emt_5.6.2/system/energia\src/sysbios/sysbios.am4g(knl_Clock.o)
                0x200058e8                ti_sysbios_knl_Clock_tickReconfig__E
 .text.ti_sysbios_knl_Clock_tickStart__E
                0x200058ec        0x4 C:/ti/energia_cc3220emt_5.6.2/system/energia\src/sysbios/sysbios.am4g(knl_Clock.o)
                0x200058ec                ti_sysbios_knl_Clock_tickStart__E
 .text.ti_sysbios_knl_Clock_workFunc__E
                0x200058f0       0x8c C:/ti/energia_cc3220emt_5.6.2/system/energia\src/sysbios/sysbios.am4g(knl_Clock.o)
                0x200058f0                ti_sysbios_knl_Clock_workFunc__E
 .text.ti_sysbios_knl_Clock_Instance_init__E
                0x2000597c       0x4c C:/ti/energia_cc3220emt_5.6.2/system/energia\src/sysbios/sysbios.am4g(knl_Clock.o)
                0x2000597c                ti_sysbios_knl_Clock_Instance_init__E
 .text.ti_sysbios_knl_Clock_Instance_finalize__E
                0x200059c8       0x18 C:/ti/energia_cc3220emt_5.6.2/system/energia\src/sysbios/sysbios.am4g(knl_Clock.o)
                0x200059c8                ti_sysbios_knl_Clock_Instance_finalize__E
 .text.ti_sysbios_knl_Clock_addI__E
                0x200059e0       0x28 C:/ti/energia_cc3220emt_5.6.2/system/energia\src/sysbios/sysbios.am4g(knl_Clock.o)
                0x200059e0                ti_sysbios_knl_Clock_addI__E
 .text.ti_sysbios_knl_Clock_removeI__E
                0x20005a08        0x4 C:/ti/energia_cc3220emt_5.6.2/system/energia\src/sysbios/sysbios.am4g(knl_Clock.o)
                0x20005a08                ti_sysbios_knl_Clock_removeI__E
 .text.ti_sysbios_knl_Clock_startI__E
                0x20005a0c       0x14 C:/ti/energia_cc3220emt_5.6.2/system/energia\src/sysbios/sysbios.am4g(knl_Clock.o)
                0x20005a0c                ti_sysbios_knl_Clock_startI__E
 .text.ti_sysbios_knl_Clock_start__E
                0x20005a20       0x28 C:/ti/energia_cc3220emt_5.6.2/system/energia\src/sysbios/sysbios.am4g(knl_Clock.o)
                0x20005a20                ti_sysbios_knl_Clock_start__E
 .text.ti_sysbios_knl_Clock_stop__E
                0x20005a48        0x8 C:/ti/energia_cc3220emt_5.6.2/system/energia\src/sysbios/sysbios.am4g(knl_Clock.o)
                0x20005a48                ti_sysbios_knl_Clock_stop__E
 .text.ti_sysbios_knl_Clock_setTimeout__E
                0x20005a50        0x4 C:/ti/energia_cc3220emt_5.6.2/system/energia\src/sysbios/sysbios.am4g(knl_Clock.o)
                0x20005a50                ti_sysbios_knl_Clock_setTimeout__E
 .text.ti_sysbios_knl_Clock_logTick__E
                0x20005a54        0x4 C:/ti/energia_cc3220emt_5.6.2/system/energia\src/sysbios/sysbios.am4g(knl_Clock.o)
                0x20005a54                ti_sysbios_knl_Clock_logTick__E
 .text.ti_sysbios_knl_Idle_loop__E
                0x20005a58       0x24 C:/ti/energia_cc3220emt_5.6.2/system/energia\src/sysbios/sysbios.am4g(knl_Idle.o)
                0x20005a58                ti_sysbios_knl_Idle_loop__E
 .text.ti_sysbios_knl_Idle_run__E
                0x20005a7c       0x24 C:/ti/energia_cc3220emt_5.6.2/system/energia\src/sysbios/sysbios.am4g(knl_Idle.o)
                0x20005a7c                ti_sysbios_knl_Idle_run__E
 .text.ti_sysbios_knl_Mailbox_Module_startup__E
                0x20005aa0       0x80 C:/ti/energia_cc3220emt_5.6.2/system/energia\src/sysbios/sysbios.am4g(knl_Mailbox.o)
                0x20005aa0                ti_sysbios_knl_Mailbox_Module_startup__E
 .text.ti_sysbios_knl_Queue_Instance_init__E
                0x20005b20        0x8 C:/ti/energia_cc3220emt_5.6.2/system/energia\src/sysbios/sysbios.am4g(knl_Queue.o)
                0x20005b20                ti_sysbios_knl_Queue_Instance_init__E
 .text.ti_sysbios_knl_Queue_dequeue__E
                0x20005b28        0xc C:/ti/energia_cc3220emt_5.6.2/system/energia\src/sysbios/sysbios.am4g(knl_Queue.o)
                0x20005b28                ti_sysbios_knl_Queue_dequeue__E
 .text.ti_sysbios_knl_Queue_empty__E
                0x20005b34        0xc C:/ti/energia_cc3220emt_5.6.2/system/energia\src/sysbios/sysbios.am4g(knl_Queue.o)
                0x20005b34                ti_sysbios_knl_Queue_empty__E
 .text.ti_sysbios_knl_Queue_enqueue__E
                0x20005b40        0xc C:/ti/energia_cc3220emt_5.6.2/system/energia\src/sysbios/sysbios.am4g(knl_Queue.o)
                0x20005b40                ti_sysbios_knl_Queue_enqueue__E
 .text.ti_sysbios_knl_Queue_head__E
                0x20005b4c        0x4 C:/ti/energia_cc3220emt_5.6.2/system/energia\src/sysbios/sysbios.am4g(knl_Queue.o)
                0x20005b4c                ti_sysbios_knl_Queue_head__E
 .text.ti_sysbios_knl_Queue_elemClear__E
                0x20005b50        0x8 C:/ti/energia_cc3220emt_5.6.2/system/energia\src/sysbios/sysbios.am4g(knl_Queue.o)
                0x20005b50                ti_sysbios_knl_Queue_elemClear__E
 .text.ti_sysbios_knl_Queue_insert__E
                0x20005b58        0xc C:/ti/energia_cc3220emt_5.6.2/system/energia\src/sysbios/sysbios.am4g(knl_Queue.o)
                0x20005b58                ti_sysbios_knl_Queue_insert__E
 .text.ti_sysbios_knl_Queue_next__E
                0x20005b64        0x4 C:/ti/energia_cc3220emt_5.6.2/system/energia\src/sysbios/sysbios.am4g(knl_Queue.o)
                0x20005b64                ti_sysbios_knl_Queue_next__E
 .text.ti_sysbios_knl_Queue_put__E
                0x20005b68       0x1c C:/ti/energia_cc3220emt_5.6.2/system/energia\src/sysbios/sysbios.am4g(knl_Queue.o)
                0x20005b68                ti_sysbios_knl_Queue_put__E
 .text.ti_sysbios_knl_Queue_remove__E
                0x20005b84       0x10 C:/ti/energia_cc3220emt_5.6.2/system/energia\src/sysbios/sysbios.am4g(knl_Queue.o)
                0x20005b84                ti_sysbios_knl_Queue_remove__E
 .text.ti_sysbios_knl_Semaphore_pendTimeout__I
                0x20005b94       0x30 C:/ti/energia_cc3220emt_5.6.2/system/energia\src/sysbios/sysbios.am4g(knl_Semaphore.o)
                0x20005b94                ti_sysbios_knl_Semaphore_pendTimeout(int0_t)
 .text.ti_sysbios_knl_Semaphore_Instance_init__E
                0x20005bc4       0x28 C:/ti/energia_cc3220emt_5.6.2/system/energia\src/sysbios/sysbios.am4g(knl_Semaphore.o)
                0x20005bc4                ti_sysbios_knl_Semaphore_Instance_init__E
 .text.ti_sysbios_knl_Semaphore_Instance_finalize__E
                0x20005bec       0x10 C:/ti/energia_cc3220emt_5.6.2/system/energia\src/sysbios/sysbios.am4g(knl_Semaphore.o)
                0x20005bec                ti_sysbios_knl_Semaphore_Instance_finalize__E
 .text.ti_sysbios_knl_Semaphore_pend__E
                0x20005bfc      0x114 C:/ti/energia_cc3220emt_5.6.2/system/energia\src/sysbios/sysbios.am4g(knl_Semaphore.o)
                0x20005bfc                ti_sysbios_knl_Semaphore_pend__E
 .text.ti_sysbios_knl_Semaphore_post__E
                0x20005d10       0x68 C:/ti/energia_cc3220emt_5.6.2/system/energia\src/sysbios/sysbios.am4g(knl_Semaphore.o)
                0x20005d10                ti_sysbios_knl_Semaphore_post__E
 .text.ti_sysbios_knl_Swi_Module_startup__E
                0x20005d78        0x8 C:/ti/energia_cc3220emt_5.6.2/system/energia\src/sysbios/sysbios.am4g(knl_Swi.o)
                0x20005d78                ti_sysbios_knl_Swi_Module_startup__E
 .text.ti_sysbios_knl_Task_sleepTimeout__I
                0x20005d80       0x68 C:/ti/energia_cc3220emt_5.6.2/system/energia\src/sysbios/sysbios.am4g(knl_Task.o)
                0x20005d80                ti_sysbios_knl_Task_sleepTimeout(int0_t)
 .text.ti_sysbios_knl_Task_schedule__I
                0x20005de8       0xf8 C:/ti/energia_cc3220emt_5.6.2/system/energia\src/sysbios/sysbios.am4g(knl_Task.o)
                0x20005de8                ti_sysbios_knl_Task_schedule(int0_t)
 .text.ti_sysbios_knl_Task_enter__I
                0x20005ee0       0x28 C:/ti/energia_cc3220emt_5.6.2/system/energia\src/sysbios/sysbios.am4g(knl_Task.o)
                0x20005ee0                ti_sysbios_knl_Task_enter(int0_t)
 .text.ti_sysbios_knl_Task_exit__E
                0x20005f08       0xec C:/ti/energia_cc3220emt_5.6.2/system/energia\src/sysbios/sysbios.am4g(knl_Task.o)
                0x20005f08                ti_sysbios_knl_Task_exit__E
 .text.ti_sysbios_knl_Task_postInit__I.constprop.3
                0x20005ff4      0x164 C:/ti/energia_cc3220emt_5.6.2/system/energia\src/sysbios/sysbios.am4g(knl_Task.o)
 .text.ti_sysbios_knl_Task_Module_startup__E
                0x20006158       0x78 C:/ti/energia_cc3220emt_5.6.2/system/energia\src/sysbios/sysbios.am4g(knl_Task.o)
                0x20006158                ti_sysbios_knl_Task_Module_startup__E
 .text.ti_sysbios_knl_Task_startCore__E
                0x200061d0       0xe4 C:/ti/energia_cc3220emt_5.6.2/system/energia\src/sysbios/sysbios.am4g(knl_Task.o)
                0x200061d0                ti_sysbios_knl_Task_startCore__E
 .text.ti_sysbios_knl_Task_startup__E
                0x200062b4        0x8 C:/ti/energia_cc3220emt_5.6.2/system/energia\src/sysbios/sysbios.am4g(knl_Task.o)
                0x200062b4                ti_sysbios_knl_Task_startup__E
 .text.ti_sysbios_knl_Task_disable__E
                0x200062bc       0x18 C:/ti/energia_cc3220emt_5.6.2/system/energia\src/sysbios/sysbios.am4g(knl_Task.o)
                0x200062bc                ti_sysbios_knl_Task_disable__E
 .text.ti_sysbios_knl_Task_restore__E
                0x200062d4       0x38 C:/ti/energia_cc3220emt_5.6.2/system/energia\src/sysbios/sysbios.am4g(knl_Task.o)
                0x200062d4                ti_sysbios_knl_Task_restore__E
 .text.ti_sysbios_knl_Task_restoreHwi__E
                0x2000630c       0x24 C:/ti/energia_cc3220emt_5.6.2/system/energia\src/sysbios/sysbios.am4g(knl_Task.o)
                0x2000630c                ti_sysbios_knl_Task_restoreHwi__E
 .text.ti_sysbios_knl_Task_self__E
                0x20006330        0xc C:/ti/energia_cc3220emt_5.6.2/system/energia\src/sysbios/sysbios.am4g(knl_Task.o)
                0x20006330                ti_sysbios_knl_Task_self__E
 .text.ti_sysbios_knl_Task_sleep__E
                0x2000633c       0xe8 C:/ti/energia_cc3220emt_5.6.2/system/energia\src/sysbios/sysbios.am4g(knl_Task.o)
                0x2000633c                ti_sysbios_knl_Task_sleep__E
 .text.ti_sysbios_knl_Task_yield__E
                0x20006424       0x6c C:/ti/energia_cc3220emt_5.6.2/system/energia\src/sysbios/sysbios.am4g(knl_Task.o)
                0x20006424                ti_sysbios_knl_Task_yield__E
 .text.ti_sysbios_knl_Task_getIdleTask__E
                0x20006490        0xc C:/ti/energia_cc3220emt_5.6.2/system/energia\src/sysbios/sysbios.am4g(knl_Task.o)
                0x20006490                ti_sysbios_knl_Task_getIdleTask__E
 .text.ti_sysbios_knl_Task_postInit__I
                0x2000649c      0x184 C:/ti/energia_cc3220emt_5.6.2/system/energia\src/sysbios/sysbios.am4g(knl_Task.o)
                0x2000649c                ti_sysbios_knl_Task_postInit(int0_t)
 .text.ti_sysbios_knl_Task_Instance_init__E
                0x20006620       0xdc C:/ti/energia_cc3220emt_5.6.2/system/energia\src/sysbios/sysbios.am4g(knl_Task.o)
                0x20006620                ti_sysbios_knl_Task_Instance_init__E
 .text.ti_sysbios_knl_Task_Instance_finalize__E
                0x200066fc      0x170 C:/ti/energia_cc3220emt_5.6.2/system/energia\src/sysbios/sysbios.am4g(knl_Task.o)
                0x200066fc                ti_sysbios_knl_Task_Instance_finalize__E
 .text.ti_sysbios_knl_Task_getHookContext__E
                0x2000686c        0x8 C:/ti/energia_cc3220emt_5.6.2/system/energia\src/sysbios/sysbios.am4g(knl_Task.o)
                0x2000686c                ti_sysbios_knl_Task_getHookContext__E
 .text.ti_sysbios_knl_Task_setHookContext__E
                0x20006874        0x8 C:/ti/energia_cc3220emt_5.6.2/system/energia\src/sysbios/sysbios.am4g(knl_Task.o)
                0x20006874                ti_sysbios_knl_Task_setHookContext__E
 .text.ti_sysbios_knl_Task_getPri__E
                0x2000687c        0x4 C:/ti/energia_cc3220emt_5.6.2/system/energia\src/sysbios/sysbios.am4g(knl_Task.o)
                0x2000687c                ti_sysbios_knl_Task_getPri__E
 .text.ti_sysbios_knl_Task_blockI__E
                0x20006880       0x48 C:/ti/energia_cc3220emt_5.6.2/system/energia\src/sysbios/sysbios.am4g(knl_Task.o)
                0x20006880                ti_sysbios_knl_Task_blockI__E
 .text.ti_sysbios_knl_Task_unblockI__E
                0x200068c8       0x5c C:/ti/energia_cc3220emt_5.6.2/system/energia\src/sysbios/sysbios.am4g(knl_Task.o)
                0x200068c8                ti_sysbios_knl_Task_unblockI__E
 .text.ti_sysbios_hal_Hwi_Module_startup__E
                0x20006924       0x10 C:/ti/energia_cc3220emt_5.6.2/system/energia\src/sysbios/sysbios.am4g(hal_Hwi.o)
                0x20006924                ti_sysbios_hal_Hwi_Module_startup__E
 .text.ti_sysbios_hal_Hwi_getStackInfo__E
                0x20006934        0x4 C:/ti/energia_cc3220emt_5.6.2/system/energia\src/sysbios/sysbios.am4g(hal_Hwi.o)
                0x20006934                ti_sysbios_hal_Hwi_getStackInfo__E
 .text.ti_sysbios_hal_Hwi_switchFromBootStack__E
                0x20006938        0x4 C:/ti/energia_cc3220emt_5.6.2/system/energia\src/sysbios/sysbios.am4g(hal_Hwi.o)
                0x20006938                ti_sysbios_hal_Hwi_switchFromBootStack__E
 .text.ti_sysbios_hal_Hwi_initStack
                0x2000693c       0x24 C:/ti/energia_cc3220emt_5.6.2/system/energia\src/sysbios/sysbios.am4g(hal_Hwi_stack.o)
                0x2000693c                ti_sysbios_hal_Hwi_initStack
 .text.ti_sysbios_hal_Hwi_startup__E
                0x20006960        0x4 C:/ti/energia_cc3220emt_5.6.2/system/energia\src/sysbios/sysbios.am4g(hal_Hwi_startup.o)
                0x20006960                ti_sysbios_hal_Hwi_startup__E
 .text.ti_sysbios_hal_Timer_Module_startup__E
                0x20006964       0x10 C:/ti/energia_cc3220emt_5.6.2/system/energia\src/sysbios/sysbios.am4g(hal_Timer.o)
                0x20006964                ti_sysbios_hal_Timer_Module_startup__E
 .text.ti_sysbios_utils_Load_taskRegHook__E
                0x20006974        0xc C:/ti/energia_cc3220emt_5.6.2/system/energia\src/sysbios/sysbios.am4g(utils_Load.o)
                0x20006974                ti_sysbios_utils_Load_taskRegHook__E
 .text.ti_sysbios_utils_Load_taskCreateHook__E
                0x20006980       0xb8 C:/ti/energia_cc3220emt_5.6.2/system/energia\src/sysbios/sysbios.am4g(utils_Load.o)
                0x20006980                ti_sysbios_utils_Load_taskCreateHook__E
 .text.ti_sysbios_utils_Load_taskDeleteHook__E
                0x20006a38       0x70 C:/ti/energia_cc3220emt_5.6.2/system/energia\src/sysbios/sysbios.am4g(utils_Load.o)
                0x20006a38                ti_sysbios_utils_Load_taskDeleteHook__E
 .text.ti_sysbios_utils_Load_taskSwitchHook__E
                0x20006aa8       0x58 C:/ti/energia_cc3220emt_5.6.2/system/energia\src/sysbios/sysbios.am4g(utils_Load.o)
                0x20006aa8                ti_sysbios_utils_Load_taskSwitchHook__E
 .text.ti_sysbios_utils_Load_idleFxn__E
                0x20006b00       0x70 C:/ti/energia_cc3220emt_5.6.2/system/energia\src/sysbios/sysbios.am4g(utils_Load.o)
                0x20006b00                ti_sysbios_utils_Load_idleFxn__E
 .text.ti_sysbios_utils_Load_startup__E
                0x20006b70       0x3c C:/ti/energia_cc3220emt_5.6.2/system/energia\src/sysbios/sysbios.am4g(utils_Load.o)
                0x20006b70                ti_sysbios_utils_Load_startup__E
 .text.ti_sysbios_utils_Load_updateThreadContexts__E
                0x20006bac       0xf4 C:/ti/energia_cc3220emt_5.6.2/system/energia\src/sysbios/sysbios.am4g(utils_Load.o)
                0x20006bac                ti_sysbios_utils_Load_updateThreadContexts__E
 .text.ti_sysbios_utils_Load_updateLoads__E
                0x20006ca0      0x11c C:/ti/energia_cc3220emt_5.6.2/system/energia\src/sysbios/sysbios.am4g(utils_Load.o)
                0x20006ca0                ti_sysbios_utils_Load_updateLoads__E
 .text.ti_sysbios_utils_Load_logCPULoad__I
                0x20006dbc        0x4 C:/ti/energia_cc3220emt_5.6.2/system/energia\src/sysbios/sysbios.am4g(utils_Load_CPU.o)
                0x20006dbc                ti_sysbios_utils_Load_logCPULoad(int0_t)
 .text.ti_sysbios_gates_GateHwi_Instance_init__E
                0x20006dc0        0x4 C:/ti/energia_cc3220emt_5.6.2/system/energia\src/sysbios/sysbios.am4g(gates_GateHwi.o)
                0x20006dc0                ti_sysbios_gates_GateHwi_Instance_init__E
 .text.ti_sysbios_gates_GateHwi_enter__E
                0x20006dc4        0xc C:/ti/energia_cc3220emt_5.6.2/system/energia\src/sysbios/sysbios.am4g(gates_GateHwi.o)
                0x20006dc4                ti_sysbios_gates_GateHwi_enter__E
 .text.ti_sysbios_gates_GateHwi_leave__E
                0x20006dd0        0x8 C:/ti/energia_cc3220emt_5.6.2/system/energia\src/sysbios/sysbios.am4g(gates_GateHwi.o)
                0x20006dd0                ti_sysbios_gates_GateHwi_leave__E
 .text.ti_sysbios_gates_GateHwi_query__E
                0x20006dd8        0x4 C:/ti/energia_cc3220emt_5.6.2/system/energia\src/sysbios/sysbios.am4g(gates_GateHwi.o)
                0x20006dd8                ti_sysbios_gates_GateHwi_query__E
 .text.ti_sysbios_gates_GateMutex_Instance_init__E
                0x20006ddc       0x1c C:/ti/energia_cc3220emt_5.6.2/system/energia\src/sysbios/sysbios.am4g(gates_GateMutex.o)
                0x20006ddc                ti_sysbios_gates_GateMutex_Instance_init__E
 .text.ti_sysbios_gates_GateMutex_Instance_finalize__E
                0x20006df8       0x10 C:/ti/energia_cc3220emt_5.6.2/system/energia\src/sysbios/sysbios.am4g(gates_GateMutex.o)
                0x20006df8                ti_sysbios_gates_GateMutex_Instance_finalize__E
 .text.ti_sysbios_gates_GateMutex_enter__E
                0x20006e08       0x34 C:/ti/energia_cc3220emt_5.6.2/system/energia\src/sysbios/sysbios.am4g(gates_GateMutex.o)
                0x20006e08                ti_sysbios_gates_GateMutex_enter__E
 .text.ti_sysbios_gates_GateMutex_leave__E
                0x20006e3c       0x14 C:/ti/energia_cc3220emt_5.6.2/system/energia\src/sysbios/sysbios.am4g(gates_GateMutex.o)
                0x20006e3c                ti_sysbios_gates_GateMutex_leave__E
 .text.ti_sysbios_gates_GateMutex_query__E
                0x20006e50        0x4 C:/ti/energia_cc3220emt_5.6.2/system/energia\src/sysbios/sysbios.am4g(gates_GateMutex.o)
                0x20006e50                ti_sysbios_gates_GateMutex_query__E
 .text.ti_sysbios_family_arm_m3_Hwi_Module_startup__E
                0x20006e54      0x114 C:/ti/energia_cc3220emt_5.6.2/system/energia\src/sysbios/sysbios.am4g(m3_Hwi.o)
                0x20006e54                ti_sysbios_family_arm_m3_Hwi_Module_startup__E
 .text.ti_sysbios_family_arm_m3_Hwi_Instance_init__E
                0x20006f68      0x15c C:/ti/energia_cc3220emt_5.6.2/system/energia\src/sysbios/sysbios.am4g(m3_Hwi.o)
                0x20006f68                ti_sysbios_family_arm_m3_Hwi_Instance_init__E
 .text.ti_sysbios_family_arm_m3_Hwi_Instance_finalize__E
                0x200070c4       0x74 C:/ti/energia_cc3220emt_5.6.2/system/energia\src/sysbios/sysbios.am4g(m3_Hwi.o)
                0x200070c4                ti_sysbios_family_arm_m3_Hwi_Instance_finalize__E
 .text.ti_sysbios_family_arm_m3_Hwi_initNVIC__E
                0x20007138       0x8c C:/ti/energia_cc3220emt_5.6.2/system/energia\src/sysbios/sysbios.am4g(m3_Hwi.o)
                0x20007138                ti_sysbios_family_arm_m3_Hwi_initNVIC__E
 .text.ti_sysbios_family_arm_m3_Hwi_startup__E
                0x200071c4       0x10 C:/ti/energia_cc3220emt_5.6.2/system/energia\src/sysbios/sysbios.am4g(m3_Hwi.o)
                0x200071c4                ti_sysbios_family_arm_m3_Hwi_startup__E
 .text.ti_sysbios_family_arm_m3_Hwi_disableFxn__E
                0x200071d4        0xc C:/ti/energia_cc3220emt_5.6.2/system/energia\src/sysbios/sysbios.am4g(m3_Hwi.o)
                0x200071d4                ti_sysbios_family_arm_m3_Hwi_disableFxn__E
 .text.ti_sysbios_family_arm_m3_Hwi_restoreFxn__E
                0x200071e0        0x8 C:/ti/energia_cc3220emt_5.6.2/system/energia\src/sysbios/sysbios.am4g(m3_Hwi.o)
                0x200071e0                ti_sysbios_family_arm_m3_Hwi_restoreFxn__E
 .text.ti_sysbios_family_arm_m3_Hwi_disableInterrupt__E
                0x200071e8       0x4c C:/ti/energia_cc3220emt_5.6.2/system/energia\src/sysbios/sysbios.am4g(m3_Hwi.o)
                0x200071e8                ti_sysbios_family_arm_m3_Hwi_disableInterrupt__E
 .text.ti_sysbios_family_arm_m3_Hwi_enableInterrupt__E
                0x20007234       0x48 C:/ti/energia_cc3220emt_5.6.2/system/energia\src/sysbios/sysbios.am4g(m3_Hwi.o)
                0x20007234                ti_sysbios_family_arm_m3_Hwi_enableInterrupt__E
 .text.ti_sysbios_family_arm_m3_Hwi_clearInterrupt__E
                0x2000727c       0x20 C:/ti/energia_cc3220emt_5.6.2/system/energia\src/sysbios/sysbios.am4g(m3_Hwi.o)
                0x2000727c                ti_sysbios_family_arm_m3_Hwi_clearInterrupt__E
 .text.ti_sysbios_family_arm_m3_Hwi_switchFromBootStack__E
                0x2000729c       0x1c C:/ti/energia_cc3220emt_5.6.2/system/energia\src/sysbios/sysbios.am4g(m3_Hwi.o)
                0x2000729c                ti_sysbios_family_arm_m3_Hwi_switchFromBootStack__E
 .text.ti_sysbios_family_arm_m3_Hwi_getStackInfo__E
                0x200072b8       0x44 C:/ti/energia_cc3220emt_5.6.2/system/energia\src/sysbios/sysbios.am4g(m3_Hwi.o)
                0x200072b8                ti_sysbios_family_arm_m3_Hwi_getStackInfo__E
 .text.ti_sysbios_family_arm_m3_Hwi_excHandler__I
                0x200072fc       0x20 C:/ti/energia_cc3220emt_5.6.2/system/energia\src/sysbios/sysbios.am4g(m3_Hwi.o)
                0x200072fc                ti_sysbios_family_arm_m3_Hwi_excHandler(int0_t)
 .text.ti_sysbios_family_arm_m3_Hwi_dispatchC__I
                0x2000731c       0x5c C:/ti/energia_cc3220emt_5.6.2/system/energia\src/sysbios/sysbios.am4g(m3_Hwi.o)
                0x2000731c                ti_sysbios_family_arm_m3_Hwi_dispatchC(int0_t)
 .text.ti_sysbios_family_arm_m3_Hwi_doSwiRestore__I
                0x20007378        0x4 C:/ti/energia_cc3220emt_5.6.2/system/energia\src/sysbios/sysbios.am4g(m3_Hwi.o)
                0x20007378                ti_sysbios_family_arm_m3_Hwi_doSwiRestore(int0_t)
 .text.ti_sysbios_family_arm_m3_Hwi_doTaskRestore__I
                0x2000737c        0x8 C:/ti/energia_cc3220emt_5.6.2/system/energia\src/sysbios/sysbios.am4g(m3_Hwi.o)
                0x2000737c                ti_sysbios_family_arm_m3_Hwi_doTaskRestore(int0_t)
 .text.ti_sysbios_family_arm_m3_TaskSupport_start__E
                0x20007384       0x38 C:/ti/energia_cc3220emt_5.6.2/system/energia\src/sysbios/sysbios.am4g(m3_TaskSupport.o)
                0x20007384                ti_sysbios_family_arm_m3_TaskSupport_start__E
 .text.ti_sysbios_family_arm_m3_TaskSupport_getStackAlignment__E
                0x200073bc        0xc C:/ti/energia_cc3220emt_5.6.2/system/energia\src/sysbios/sysbios.am4g(m3_TaskSupport.o)
                0x200073bc                ti_sysbios_family_arm_m3_TaskSupport_getStackAlignment__E
 .text.ti_sysbios_family_arm_m3_Timer_periodicStub__I
                0x200073c8       0x34 C:/ti/energia_cc3220emt_5.6.2/system/energia\src/sysbios/sysbios.am4g(m3_Timer.o)
                0x200073c8                ti_sysbios_family_arm_m3_Timer_periodicStub(int0_t)
 .text.ti_sysbios_family_arm_m3_Timer_Module_startup__E
                0x200073fc       0xb4 C:/ti/energia_cc3220emt_5.6.2/system/energia\src/sysbios/sysbios.am4g(m3_Timer.o)
                0x200073fc                ti_sysbios_family_arm_m3_Timer_Module_startup__E
 .text.ti_sysbios_family_arm_m3_Timer_startup__E
                0x200074b0       0x60 C:/ti/energia_cc3220emt_5.6.2/system/energia\src/sysbios/sysbios.am4g(m3_Timer.o)
                0x200074b0                ti_sysbios_family_arm_m3_Timer_startup__E
 .text.ti_sysbios_family_arm_m3_Timer_getHandle__E
                0x20007510        0xc C:/ti/energia_cc3220emt_5.6.2/system/energia\src/sysbios/sysbios.am4g(m3_Timer.o)
                0x20007510                ti_sysbios_family_arm_m3_Timer_getHandle__E
 .text.ti_sysbios_family_arm_m3_Timer_getPeriod__E
                0x2000751c        0x4 C:/ti/energia_cc3220emt_5.6.2/system/energia\src/sysbios/sysbios.am4g(m3_Timer.o)
                0x2000751c                ti_sysbios_family_arm_m3_Timer_getPeriod__E
 .text.ti_sysbios_family_arm_m3_Timer_getExpiredCounts__E
                0x20007520       0x44 C:/ti/energia_cc3220emt_5.6.2/system/energia\src/sysbios/sysbios.am4g(m3_Timer.o)
                0x20007520                ti_sysbios_family_arm_m3_Timer_getExpiredCounts__E
 .text.ti_sysbios_family_arm_m3_Timer_getTickCount__E
                0x20007564        0xc C:/ti/energia_cc3220emt_5.6.2/system/energia\src/sysbios/sysbios.am4g(m3_Timer.o)
                0x20007564                ti_sysbios_family_arm_m3_Timer_getTickCount__E
 .text.ti_sysbios_family_arm_m3_TimestampProvider_Module_startup__E
                0x20007570       0x20 C:/ti/energia_cc3220emt_5.6.2/system/energia\src/sysbios/sysbios.am4g(m3_TimestampProvider.o)
                0x20007570                ti_sysbios_family_arm_m3_TimestampProvider_Module_startup__E
 .text.ti_sysbios_family_arm_m3_TimestampProvider_get32__E
                0x20007590       0x30 C:/ti/energia_cc3220emt_5.6.2/system/energia\src/sysbios/sysbios.am4g(m3_TimestampProvider.o)
                0x20007590                ti_sysbios_family_arm_m3_TimestampProvider_get32__E
 .text.ti_sysbios_family_arm_m3_TimestampProvider_getFreq__E
                0x200075c0        0x4 C:/ti/energia_cc3220emt_5.6.2/system/energia\src/sysbios/sysbios.am4g(m3_TimestampProvider.o)
                0x200075c0                ti_sysbios_family_arm_m3_TimestampProvider_getFreq__E
 .text.ti_sysbios_heaps_HeapMem_initPrimary__I
                0x200075c4       0x9c C:/ti/energia_cc3220emt_5.6.2/system/energia\src/sysbios/sysbios.am4g(heaps_HeapMem.o)
                0x200075c4                ti_sysbios_heaps_HeapMem_initPrimary(int0_t)
 .text.ti_sysbios_heaps_HeapMem_Instance_init__E
                0x20007660       0x40 C:/ti/energia_cc3220emt_5.6.2/system/energia\src/sysbios/sysbios.am4g(heaps_HeapMem.o)
                0x20007660                ti_sysbios_heaps_HeapMem_Instance_init__E
 .text.ti_sysbios_heaps_HeapMem_alloc__E
                0x200076a0       0xfc C:/ti/energia_cc3220emt_5.6.2/system/energia\src/sysbios/sysbios.am4g(heaps_HeapMem.o)
                0x200076a0                ti_sysbios_heaps_HeapMem_alloc__E
 .text.ti_sysbios_heaps_HeapMem_free__E
                0x2000779c       0x88 C:/ti/energia_cc3220emt_5.6.2/system/energia\src/sysbios/sysbios.am4g(heaps_HeapMem.o)
                0x2000779c                ti_sysbios_heaps_HeapMem_free__E
 .text.ti_sysbios_heaps_HeapMem_isBlocking__E
                0x20007824        0x8 C:/ti/energia_cc3220emt_5.6.2/system/energia\src/sysbios/sysbios.am4g(heaps_HeapMem.o)
                0x20007824                ti_sysbios_heaps_HeapMem_isBlocking__E
 .text.ti_sysbios_heaps_HeapMem_getStats__E
                0x2000782c       0x48 C:/ti/energia_cc3220emt_5.6.2/system/energia\src/sysbios/sysbios.am4g(heaps_HeapMem.o)
                0x2000782c                ti_sysbios_heaps_HeapMem_getStats__E
 .text.ti_sysbios_rts_gnu_ReentSupport_Module_startup__E
                0x20007874       0x28 C:/ti/energia_cc3220emt_5.6.2/system/energia\src/sysbios/sysbios.am4g(gnu_ReentSupport.o)
                0x20007874                ti_sysbios_rts_gnu_ReentSupport_Module_startup__E
 .text.ti_sysbios_rts_gnu_ReentSupport_taskRegHook__I
                0x2000789c        0xc C:/ti/energia_cc3220emt_5.6.2/system/energia\src/sysbios/sysbios.am4g(gnu_ReentSupport.o)
                0x2000789c                ti_sysbios_rts_gnu_ReentSupport_taskRegHook(int0_t)
 .text.ti_sysbios_rts_gnu_ReentSupport_taskDeleteHook__I
                0x200078a8       0x2c C:/ti/energia_cc3220emt_5.6.2/system/energia\src/sysbios/sysbios.am4g(gnu_ReentSupport.o)
                0x200078a8                ti_sysbios_rts_gnu_ReentSupport_taskDeleteHook(int0_t)
 .text.ti_sysbios_family_arm_lm4_Timer_masterDisable__I
                0x200078d4        0x8 C:/ti/energia_cc3220emt_5.6.2/system/energia\src/sysbios/sysbios.am4g(lm4_Timer.o)
                0x200078d4                ti_sysbios_family_arm_lm4_Timer_masterDisable(int0_t)
 .text.ti_sysbios_family_arm_lm4_Timer_masterEnable__I
                0x200078dc        0x4 C:/ti/energia_cc3220emt_5.6.2/system/energia\src/sysbios/sysbios.am4g(lm4_Timer.o)
                0x200078dc                ti_sysbios_family_arm_lm4_Timer_masterEnable(int0_t)
 .text.ti_sysbios_family_arm_lm4_Timer_enableTimers__I
                0x200078e0       0x9c C:/ti/energia_cc3220emt_5.6.2/system/energia\src/sysbios/sysbios.am4g(lm4_Timer.o)
                0x200078e0                ti_sysbios_family_arm_lm4_Timer_enableTimers(int0_t)
 .text.ti_sysbios_family_arm_lm4_Timer_Module_startup__E
                0x2000797c       0xa4 C:/ti/energia_cc3220emt_5.6.2/system/energia\src/sysbios/sysbios.am4g(lm4_Timer.o)
                0x2000797c                ti_sysbios_family_arm_lm4_Timer_Module_startup__E
 .text.ti_sysbios_family_arm_lm4_Timer_start__E
                0x20007a20      0x230 C:/ti/energia_cc3220emt_5.6.2/system/energia\src/sysbios/sysbios.am4g(lm4_Timer.o)
                0x20007a20                ti_sysbios_family_arm_lm4_Timer_start__E
 .text.ti_sysbios_family_arm_lm4_Timer_startup__E
                0x20007c50       0x4c C:/ti/energia_cc3220emt_5.6.2/system/energia\src/sysbios/sysbios.am4g(lm4_Timer.o)
                0x20007c50                ti_sysbios_family_arm_lm4_Timer_startup__E
 .text.ti_sysbios_family_arm_lm4_Timer_enableCC3200__I
                0x20007c9c       0x6c C:/ti/energia_cc3220emt_5.6.2/system/energia\src/sysbios/sysbios.am4g(lm4_Timer.o)
                0x20007c9c                ti_sysbios_family_arm_lm4_Timer_enableCC3200(int0_t)
 .text.xdc_runtime_Core_createObject__I
                0x20007d08       0xc8 C:/ti/energia_cc3220emt_5.6.2/system/kernel/tirtos/packages\gnu/targets/arm/rtsv7M/lib/gnu.targets.arm.rtsv7M.am4g(Core-mem.om4g)
                0x20007d08                xdc_runtime_Core_createObject(int0_t)
 .text.xdc_runtime_Core_deleteObject__I
                0x20007dd0       0x70 C:/ti/energia_cc3220emt_5.6.2/system/kernel/tirtos/packages\gnu/targets/arm/rtsv7M/lib/gnu.targets.arm.rtsv7M.am4g(Core-mem.om4g)
                0x20007dd0                xdc_runtime_Core_deleteObject(int0_t)
 .text.xdc_runtime_Core_constructObject__I
                0x20007e40       0xac C:/ti/energia_cc3220emt_5.6.2/system/kernel/tirtos/packages\gnu/targets/arm/rtsv7M/lib/gnu.targets.arm.rtsv7M.am4g(Core-smem.om4g)
                0x20007e40                xdc_runtime_Core_constructObject(int0_t)
 .text.xdc_runtime_Core_assignLabel__I
                0x20007eec       0x3c C:/ti/energia_cc3220emt_5.6.2/system/kernel/tirtos/packages\gnu/targets/arm/rtsv7M/lib/gnu.targets.arm.rtsv7M.am4g(Core-label.om4g)
                0x20007eec                xdc_runtime_Core_assignLabel(int0_t)
 .text.xdc_runtime_Core_assignParams__I
                0x20007f28       0x40 C:/ti/energia_cc3220emt_5.6.2/system/kernel/tirtos/packages\gnu/targets/arm/rtsv7M/lib/gnu.targets.arm.rtsv7M.am4g(Core-params.om4g)
                0x20007f28                xdc_runtime_Core_assignParams(int0_t)
 .text.xdc_runtime_Error_init__E
                0x20007f68       0x18 C:/ti/energia_cc3220emt_5.6.2/system/kernel/tirtos/packages\gnu/targets/arm/rtsv7M/lib/gnu.targets.arm.rtsv7M.am4g(Error.om4g)
                0x20007f68                xdc_runtime_Error_init__E
 .text.xdc_runtime_Error_check__E
                0x20007f80       0x20 C:/ti/energia_cc3220emt_5.6.2/system/kernel/tirtos/packages\gnu/targets/arm/rtsv7M/lib/gnu.targets.arm.rtsv7M.am4g(Error.om4g)
                0x20007f80                xdc_runtime_Error_check__E
 .text.xdc_runtime_Error_raiseX__E
                0x20007fa0       0x10 C:/ti/energia_cc3220emt_5.6.2/system/kernel/tirtos/packages\gnu/targets/arm/rtsv7M/lib/gnu.targets.arm.rtsv7M.am4g(Error.om4g)
                0x20007fa0                xdc_runtime_Error_raiseX__E
 .text.xdc_runtime_Error_policySpin__E
                0x20007fb0        0x4 C:/ti/energia_cc3220emt_5.6.2/system/kernel/tirtos/packages\gnu/targets/arm/rtsv7M/lib/gnu.targets.arm.rtsv7M.am4g(Error.om4g)
                0x20007fb0                xdc_runtime_Error_policySpin__E
 .text.xdc_runtime_Gate_enterSystem__E
                0x20007fb4        0xc C:/ti/energia_cc3220emt_5.6.2/system/kernel/tirtos/packages\gnu/targets/arm/rtsv7M/lib/gnu.targets.arm.rtsv7M.am4g(Gate.om4g)
                0x20007fb4                xdc_runtime_Gate_enterSystem__E
 .text.xdc_runtime_Gate_leaveSystem__E
                0x20007fc0       0x10 C:/ti/energia_cc3220emt_5.6.2/system/kernel/tirtos/packages\gnu/targets/arm/rtsv7M/lib/gnu.targets.arm.rtsv7M.am4g(Gate.om4g)
                0x20007fc0                xdc_runtime_Gate_leaveSystem__E
 .text.xdc_runtime_Memory_alloc__E
                0x20007fd0       0x80 C:/ti/energia_cc3220emt_5.6.2/system/kernel/tirtos/packages\gnu/targets/arm/rtsv7M/lib/gnu.targets.arm.rtsv7M.am4g(Memory.om4g)
                0x20007fd0                xdc_runtime_Memory_alloc__E
 .text.xdc_runtime_Memory_free__E
                0x20008050       0x14 C:/ti/energia_cc3220emt_5.6.2/system/kernel/tirtos/packages\gnu/targets/arm/rtsv7M/lib/gnu.targets.arm.rtsv7M.am4g(Memory.om4g)
                0x20008050                xdc_runtime_Memory_free__E
 .text.xdc_runtime_Memory_valloc__E
                0x20008064       0x1c C:/ti/energia_cc3220emt_5.6.2/system/kernel/tirtos/packages\gnu/targets/arm/rtsv7M/lib/gnu.targets.arm.rtsv7M.am4g(Memory.om4g)
                0x20008064                xdc_runtime_Memory_valloc__E
 .text.xdc_runtime_Memory_calloc__E
                0x20008080       0x14 C:/ti/energia_cc3220emt_5.6.2/system/kernel/tirtos/packages\gnu/targets/arm/rtsv7M/lib/gnu.targets.arm.rtsv7M.am4g(Memory.om4g)
                0x20008080                xdc_runtime_Memory_calloc__E
 .text.xdc_runtime_Startup_exec__E
                0x20008094       0x5c C:/ti/energia_cc3220emt_5.6.2/system/kernel/tirtos/packages\gnu/targets/arm/rtsv7M/lib/gnu.targets.arm.rtsv7M.am4g(Startup.om4g)
                0x20008094                xdc_runtime_Startup_exec__E
 .text.xdc_runtime_Startup_rtsDone__E
                0x200080f0        0xc C:/ti/energia_cc3220emt_5.6.2/system/kernel/tirtos/packages\gnu/targets/arm/rtsv7M/lib/gnu.targets.arm.rtsv7M.am4g(Startup.om4g)
                0x200080f0                xdc_runtime_Startup_rtsDone__E
 .text.xdc_runtime_Startup_startMods__I
                0x200080fc       0xec C:/ti/energia_cc3220emt_5.6.2/system/kernel/tirtos/packages\gnu/targets/arm/rtsv7M/lib/gnu.targets.arm.rtsv7M.am4g(Startup.om4g)
                0x200080fc                xdc_runtime_Startup_startMods(int0_t)
 .text.xdc_runtime_System_Module_startup__E
                0x200081e8        0x8 C:/ti/energia_cc3220emt_5.6.2/system/kernel/tirtos/packages\gnu/targets/arm/rtsv7M/lib/gnu.targets.arm.rtsv7M.am4g(System.om4g)
                0x200081e8                xdc_runtime_System_Module_startup__E
 .text.xdc_runtime_System_abort__E
                0x200081f0       0x1c C:/ti/energia_cc3220emt_5.6.2/system/kernel/tirtos/packages\gnu/targets/arm/rtsv7M/lib/gnu.targets.arm.rtsv7M.am4g(System.om4g)
                0x200081f0                xdc_runtime_System_abort__E
 .text.xdc_runtime_System_atexit__E
                0x2000820c       0x3c C:/ti/energia_cc3220emt_5.6.2/system/kernel/tirtos/packages\gnu/targets/arm/rtsv7M/lib/gnu.targets.arm.rtsv7M.am4g(System.om4g)
                0x2000820c                xdc_runtime_System_atexit__E
 .text.xdc_runtime_System_abortSpin__E
                0x20008248        0x4 C:/ti/energia_cc3220emt_5.6.2/system/kernel/tirtos/packages\gnu/targets/arm/rtsv7M/lib/gnu.targets.arm.rtsv7M.am4g(System.om4g)
                0x20008248                xdc_runtime_System_abortSpin__E
 .text.xdc_runtime_System_exitSpin__E
                0x2000824c        0x4 C:/ti/energia_cc3220emt_5.6.2/system/kernel/tirtos/packages\gnu/targets/arm/rtsv7M/lib/gnu.targets.arm.rtsv7M.am4g(System.om4g)
                0x2000824c                xdc_runtime_System_exitSpin__E
 .text.xdc_runtime_System_processAtExit__E
                0x20008250       0x38 C:/ti/energia_cc3220emt_5.6.2/system/kernel/tirtos/packages\gnu/targets/arm/rtsv7M/lib/gnu.targets.arm.rtsv7M.am4g(System.om4g)
                0x20008250                xdc_runtime_System_processAtExit__E
 .text.xdc_runtime_System_exit__E
                0x20008288       0x18 C:/ti/energia_cc3220emt_5.6.2/system/kernel/tirtos/packages\gnu/targets/arm/rtsv7M/lib/gnu.targets.arm.rtsv7M.am4g(System.om4g)
                0x20008288                xdc_runtime_System_exit__E
 .text.xdc_runtime_System_flush__E
                0x200082a0        0x4 C:/ti/energia_cc3220emt_5.6.2/system/kernel/tirtos/packages\gnu/targets/arm/rtsv7M/lib/gnu.targets.arm.rtsv7M.am4g(System.om4g)
                0x200082a0                xdc_runtime_System_flush__E
 .text.xdc_runtime_SysCallback_abort__E
                0x200082a4        0xc C:/ti/energia_cc3220emt_5.6.2/system/kernel/tirtos/packages\gnu/targets/arm/rtsv7M/lib/gnu.targets.arm.rtsv7M.am4g(SysCallback.om4g)
                0x200082a4                xdc_runtime_SysCallback_abort__E
 .text.xdc_runtime_SysCallback_exit__E
                0x200082b0        0xc C:/ti/energia_cc3220emt_5.6.2/system/kernel/tirtos/packages\gnu/targets/arm/rtsv7M/lib/gnu.targets.arm.rtsv7M.am4g(SysCallback.om4g)
                0x200082b0                xdc_runtime_SysCallback_exit__E
 .text.xdc_runtime_SysCallback_flush__E
                0x200082bc        0xc C:/ti/energia_cc3220emt_5.6.2/system/kernel/tirtos/packages\gnu/targets/arm/rtsv7M/lib/gnu.targets.arm.rtsv7M.am4g(SysCallback.om4g)
                0x200082bc                xdc_runtime_SysCallback_flush__E
 .text.xdc_runtime_SysCallback_defaultFlush
                0x200082c8        0x4 C:/ti/energia_cc3220emt_5.6.2/system/kernel/tirtos/packages\gnu/targets/arm/rtsv7M/lib/gnu.targets.arm.rtsv7M.am4g(SysCallback.om4g)
                0x200082c8                xdc_runtime_SysCallback_defaultFlush
 .text.xdc_runtime_SysCallback_defaultAbort
                0x200082cc        0x4 C:/ti/energia_cc3220emt_5.6.2/system/kernel/tirtos/packages\gnu/targets/arm/rtsv7M/lib/gnu.targets.arm.rtsv7M.am4g(SysCallback.om4g)
                0x200082cc                xdc_runtime_SysCallback_defaultAbort
 .text.xdc_runtime_SysCallback_defaultExit
                0x200082d0        0x4 C:/ti/energia_cc3220emt_5.6.2/system/kernel/tirtos/packages\gnu/targets/arm/rtsv7M/lib/gnu.targets.arm.rtsv7M.am4g(SysCallback.om4g)
                0x200082d0                xdc_runtime_SysCallback_defaultExit
 .text.xdc_runtime_Text_cordText__E
                0x200082d4       0x2c C:/ti/energia_cc3220emt_5.6.2/system/kernel/tirtos/packages\gnu/targets/arm/rtsv7M/lib/gnu.targets.arm.rtsv7M.am4g(Text.om4g)
                0x200082d4                xdc_runtime_Text_cordText__E
 .text.xdc_runtime_Text_ropeText__E
                0x20008300       0x14 C:/ti/energia_cc3220emt_5.6.2/system/kernel/tirtos/packages\gnu/targets/arm/rtsv7M/lib/gnu.targets.arm.rtsv7M.am4g(Text.om4g)
                0x20008300                xdc_runtime_Text_ropeText__E
 .text.xdc_runtime_Timestamp_get32__E
                0x20008314        0x4 C:/ti/energia_cc3220emt_5.6.2/system/kernel/tirtos/packages\gnu/targets/arm/rtsv7M/lib/gnu.targets.arm.rtsv7M.am4g(Timestamp.om4g)
                0x20008314                xdc_runtime_Timestamp_get32__E
 .text.xdc_runtime_Timestamp_getFreq__E
                0x20008318        0x4 C:/ti/energia_cc3220emt_5.6.2/system/kernel/tirtos/packages\gnu/targets/arm/rtsv7M/lib/gnu.targets.arm.rtsv7M.am4g(Timestamp.om4g)
                0x20008318                xdc_runtime_Timestamp_getFreq__E
 .text.xdc_runtime_Assert_raise__I
                0x2000831c       0x50 C:/ti/energia_cc3220emt_5.6.2/system/kernel/tirtos/packages\gnu/targets/arm/rtsv7M/lib/gnu.targets.arm.rtsv7M.am4g(Assert.om4g)
                0x2000831c                xdc_runtime_Assert_raise(int0_t)
 .text.startupC
                0x2000836c       0x9c C:/ti/energia_cc3220emt_5.6.2/system/kernel/tirtos/packages\gnu/targets/arm/rtsv7M/lib/boot.am4g(startup.om4g)
                0x2000836c                startupC
 .text._fini    0x20008408        0x4 C:/ti/energia_cc3220emt_5.6.2/system/kernel/tirtos/packages\gnu/targets/arm/rtsv7M/lib/boot.am4g(startup.om4g)
                0x20008408                _fini
 .text._exit    0x2000840c        0x4 C:/ti/energia_cc3220emt_5.6.2/system/kernel/tirtos/packages\gnu/targets/arm/rtsv7M/lib/syscalls.am4g(syscalls.om4g)
                0x2000840c                C$$EXIT
                0x2000840c                _exit
 .text.__tcf_0  0x20008410       0x1c C:/Users/Megumi Kato/workspace_v10/cc3220emt_CC3220SF-LAUNCHXL_WiFiMKII/Release\libcc3220emt_CC3220SF-LAUNCHXL_WiFiMKII.a(WiFi.o)
 .text._ZN9WiFiClassC2Ev
                0x2000842c       0x38 C:/Users/Megumi Kato/workspace_v10/cc3220emt_CC3220SF-LAUNCHXL_WiFiMKII/Release\libcc3220emt_CC3220SF-LAUNCHXL_WiFiMKII.a(WiFi.o)
                0x2000842c                WiFiClass::WiFiClass()
                0x2000842c                WiFiClass::WiFiClass()
 .text._ZN9WiFiClass4initEv
                0x20008464       0x90 C:/Users/Megumi Kato/workspace_v10/cc3220emt_CC3220SF-LAUNCHXL_WiFiMKII/Release\libcc3220emt_CC3220SF-LAUNCHXL_WiFiMKII.a(WiFi.o)
                0x20008464                WiFiClass::init()
 .text._ZN9WiFiClass9getSocketEv
                0x200084f4       0x24 C:/Users/Megumi Kato/workspace_v10/cc3220emt_CC3220SF-LAUNCHXL_WiFiMKII/Release\libcc3220emt_CC3220SF-LAUNCHXL_WiFiMKII.a(WiFi.o)
                0x200084f4                WiFiClass::getSocket()
 .text._ZN9WiFiClass13setIpDefaultsEv
                0x20008518       0x18 C:/Users/Megumi Kato/workspace_v10/cc3220emt_CC3220SF-LAUNCHXL_WiFiMKII/Release\libcc3220emt_CC3220SF-LAUNCHXL_WiFiMKII.a(WiFi.o)
                0x20008518                WiFiClass::setIpDefaults()
 .text._ZN9WiFiClass7localIPEv
                0x20008530       0x48 C:/Users/Megumi Kato/workspace_v10/cc3220emt_CC3220SF-LAUNCHXL_WiFiMKII/Release\libcc3220emt_CC3220SF-LAUNCHXL_WiFiMKII.a(WiFi.o)
                0x20008530                WiFiClass::localIP()
 .text._ZN9WiFiClass4SSIDEv
                0x20008578       0x54 C:/Users/Megumi Kato/workspace_v10/cc3220emt_CC3220SF-LAUNCHXL_WiFiMKII/Release\libcc3220emt_CC3220SF-LAUNCHXL_WiFiMKII.a(WiFi.o)
                0x20008578                WiFiClass::SSID()
 .text._ZN9WiFiClass6statusEv
                0x200085cc       0x2c C:/Users/Megumi Kato/workspace_v10/cc3220emt_CC3220SF-LAUNCHXL_WiFiMKII/Release\libcc3220emt_CC3220SF-LAUNCHXL_WiFiMKII.a(WiFi.o)
                0x200085cc                WiFiClass::status()
 .text._ZN9WiFiClass5beginEPcS0_
                0x200085f8       0xa0 C:/Users/Megumi Kato/workspace_v10/cc3220emt_CC3220SF-LAUNCHXL_WiFiMKII/Release\libcc3220emt_CC3220SF-LAUNCHXL_WiFiMKII.a(WiFi.o)
                0x200085f8                WiFiClass::begin(char*, char*)
 .text._ZN9WiFiClass4RSSIEv
                0x20008698       0x2c C:/Users/Megumi Kato/workspace_v10/cc3220emt_CC3220SF-LAUNCHXL_WiFiMKII/Release\libcc3220emt_CC3220SF-LAUNCHXL_WiFiMKII.a(WiFi.o)
                0x20008698                WiFiClass::RSSI()
 .text._ZN9WiFiClass10hostByNameEPcR9IPAddress
                0x200086c4       0x44 C:/Users/Megumi Kato/workspace_v10/cc3220emt_CC3220SF-LAUNCHXL_WiFiMKII/Release\libcc3220emt_CC3220SF-LAUNCHXL_WiFiMKII.a(WiFi.o)
                0x200086c4                WiFiClass::hostByName(char*, IPAddress&)
 .text._ZN9WiFiClass20_registerNewDeviceIPEPhS0_
                0x20008708       0x80 C:/Users/Megumi Kato/workspace_v10/cc3220emt_CC3220SF-LAUNCHXL_WiFiMKII/Release\libcc3220emt_CC3220SF-LAUNCHXL_WiFiMKII.a(WiFi.o)
                0x20008708                WiFiClass::_registerNewDeviceIP(unsigned char*, unsigned char*)
 .text._ZN9WiFiClass17_unregisterDeviceEPh
                0x20008788       0x3c C:/Users/Megumi Kato/workspace_v10/cc3220emt_CC3220SF-LAUNCHXL_WiFiMKII/Release\libcc3220emt_CC3220SF-LAUNCHXL_WiFiMKII.a(WiFi.o)
                0x20008788                WiFiClass::_unregisterDevice(unsigned char*)
 .text.startup._GLOBAL__sub_I__ZN9WiFiClass11WiFi_statusE
                0x200087c4       0x44 C:/Users/Megumi Kato/workspace_v10/cc3220emt_CC3220SF-LAUNCHXL_WiFiMKII/Release\libcc3220emt_CC3220SF-LAUNCHXL_WiFiMKII.a(WiFi.o)
 .text._ZN10WiFiClient5writeEh
                0x20008808       0x22 C:/Users/Megumi Kato/workspace_v10/cc3220emt_CC3220SF-LAUNCHXL_WiFiMKII/Release\libcc3220emt_CC3220SF-LAUNCHXL_WiFiMKII.a(WiFiClient.o)
                0x20008808                WiFiClient::write(unsigned char)
 .text._ZN10WiFiClient4readEv
                0x2000882a       0x22 C:/Users/Megumi Kato/workspace_v10/cc3220emt_CC3220SF-LAUNCHXL_WiFiMKII/Release\libcc3220emt_CC3220SF-LAUNCHXL_WiFiMKII.a(WiFiClient.o)
                0x2000882a                WiFiClient::read()
 .text._ZN10WiFiClient4peekEv
                0x2000884c       0x16 C:/Users/Megumi Kato/workspace_v10/cc3220emt_CC3220SF-LAUNCHXL_WiFiMKII/Release\libcc3220emt_CC3220SF-LAUNCHXL_WiFiMKII.a(WiFiClient.o)
                0x2000884c                WiFiClient::peek()
 .text._ZN10WiFiClientcvbEv
                0x20008862        0xa C:/Users/Megumi Kato/workspace_v10/cc3220emt_CC3220SF-LAUNCHXL_WiFiMKII/Release\libcc3220emt_CC3220SF-LAUNCHXL_WiFiMKII.a(WiFiClient.o)
                0x20008862                WiFiClient::operator bool()
 .text._ZN10WiFiClient7connectEPKct
                0x2000886c       0x44 C:/Users/Megumi Kato/workspace_v10/cc3220emt_CC3220SF-LAUNCHXL_WiFiMKII/Release\libcc3220emt_CC3220SF-LAUNCHXL_WiFiMKII.a(WiFiClient.o)
                0x2000886c                WiFiClient::connect(char const*, unsigned short)
 .text._ZN10WiFiClient10sslConnectEPKct
                0x200088b0       0x44 C:/Users/Megumi Kato/workspace_v10/cc3220emt_CC3220SF-LAUNCHXL_WiFiMKII/Release\libcc3220emt_CC3220SF-LAUNCHXL_WiFiMKII.a(WiFiClient.o)
                0x200088b0                WiFiClient::sslConnect(char const*, unsigned short)
 .text._ZN10WiFiClient5flushEv
                0x200088f4       0x1a C:/Users/Megumi Kato/workspace_v10/cc3220emt_CC3220SF-LAUNCHXL_WiFiMKII/Release\libcc3220emt_CC3220SF-LAUNCHXL_WiFiMKII.a(WiFiClient.o)
                0x200088f4                WiFiClient::flush()
 *fill*         0x2000890e        0x2 
 .text._ZN10WiFiClient9availableEv
                0x20008910       0xc0 C:/Users/Megumi Kato/workspace_v10/cc3220emt_CC3220SF-LAUNCHXL_WiFiMKII/Release\libcc3220emt_CC3220SF-LAUNCHXL_WiFiMKII.a(WiFiClient.o)
                0x20008910                WiFiClient::available()
 .text._ZN10WiFiClient4readEPhj
                0x200089d0       0x3c C:/Users/Megumi Kato/workspace_v10/cc3220emt_CC3220SF-LAUNCHXL_WiFiMKII/Release\libcc3220emt_CC3220SF-LAUNCHXL_WiFiMKII.a(WiFiClient.o)
                0x200089d0                WiFiClient::read(unsigned char*, unsigned int)
 .text._ZN10WiFiClient4stopEv
                0x20008a0c       0x40 C:/Users/Megumi Kato/workspace_v10/cc3220emt_CC3220SF-LAUNCHXL_WiFiMKII/Release\libcc3220emt_CC3220SF-LAUNCHXL_WiFiMKII.a(WiFiClient.o)
                0x20008a0c                WiFiClient::stop()
 .text._ZN10WiFiClient5writeEPKhj
                0x20008a4c       0x50 C:/Users/Megumi Kato/workspace_v10/cc3220emt_CC3220SF-LAUNCHXL_WiFiMKII/Release\libcc3220emt_CC3220SF-LAUNCHXL_WiFiMKII.a(WiFiClient.o)
                0x20008a4c                WiFiClient::write(unsigned char const*, unsigned int)
 .text._ZN10WiFiClient7connectE9IPAddresst
                0x20008a9c       0xbc C:/Users/Megumi Kato/workspace_v10/cc3220emt_CC3220SF-LAUNCHXL_WiFiMKII/Release\libcc3220emt_CC3220SF-LAUNCHXL_WiFiMKII.a(WiFiClient.o)
                0x20008a9c                WiFiClient::connect(IPAddress, unsigned short)
 .text._ZN10WiFiClient10sslConnectE9IPAddresst
                0x20008b58      0x108 C:/Users/Megumi Kato/workspace_v10/cc3220emt_CC3220SF-LAUNCHXL_WiFiMKII/Release\libcc3220emt_CC3220SF-LAUNCHXL_WiFiMKII.a(WiFiClient.o)
                0x20008b58                WiFiClient::sslConnect(IPAddress, unsigned short)
 .text._ZN10WiFiClientC2Ev
                0x20008c60       0x2c C:/Users/Megumi Kato/workspace_v10/cc3220emt_CC3220SF-LAUNCHXL_WiFiMKII/Release\libcc3220emt_CC3220SF-LAUNCHXL_WiFiMKII.a(WiFiClient.o)
                0x20008c60                WiFiClient::WiFiClient()
                0x20008c60                WiFiClient::WiFiClient()
 .text._ZN10WiFiClientC2Eh
                0x20008c8c       0x20 C:/Users/Megumi Kato/workspace_v10/cc3220emt_CC3220SF-LAUNCHXL_WiFiMKII/Release\libcc3220emt_CC3220SF-LAUNCHXL_WiFiMKII.a(WiFiClient.o)
                0x20008c8c                WiFiClient::WiFiClient(unsigned char)
                0x20008c8c                WiFiClient::WiFiClient(unsigned char)
 .text._ZN10WiFiClientD2Ev
                0x20008cac       0x2c C:/Users/Megumi Kato/workspace_v10/cc3220emt_CC3220SF-LAUNCHXL_WiFiMKII/Release\libcc3220emt_CC3220SF-LAUNCHXL_WiFiMKII.a(WiFiClient.o)
                0x20008cac                WiFiClient::~WiFiClient()
                0x20008cac                WiFiClient::~WiFiClient()
 .text._ZN10WiFiClient6statusEv
                0x20008cd8       0x14 C:/Users/Megumi Kato/workspace_v10/cc3220emt_CC3220SF-LAUNCHXL_WiFiMKII/Release\libcc3220emt_CC3220SF-LAUNCHXL_WiFiMKII.a(WiFiClient.o)
                0x20008cd8                WiFiClient::status()
 .text._ZN10WiFiClient9connectedEv
                0x20008cec        0xe C:/Users/Megumi Kato/workspace_v10/cc3220emt_CC3220SF-LAUNCHXL_WiFiMKII/Release\libcc3220emt_CC3220SF-LAUNCHXL_WiFiMKII.a(WiFiClient.o)
                0x20008cec                WiFiClient::connected()
 .text._ZN10WiFiServer5writeEh
                0x20008cfa       0x16 C:/Users/Megumi Kato/workspace_v10/cc3220emt_CC3220SF-LAUNCHXL_WiFiMKII/Release\libcc3220emt_CC3220SF-LAUNCHXL_WiFiMKII.a(WiFiServer.o)
                0x20008cfa                WiFiServer::write(unsigned char)
 .text._ZN10WiFiServer5beginEv
                0x20008d10       0xd8 C:/Users/Megumi Kato/workspace_v10/cc3220emt_CC3220SF-LAUNCHXL_WiFiMKII/Release\libcc3220emt_CC3220SF-LAUNCHXL_WiFiMKII.a(WiFiServer.o)
                0x20008d10                WiFiServer::begin()
 .text._ZN10WiFiServer5writeEPKhj
                0x20008de8       0x3c C:/Users/Megumi Kato/workspace_v10/cc3220emt_CC3220SF-LAUNCHXL_WiFiMKII/Release\libcc3220emt_CC3220SF-LAUNCHXL_WiFiMKII.a(WiFiServer.o)
                0x20008de8                WiFiServer::write(unsigned char const*, unsigned int)
 .text._ZN10WiFiServerC2Et
                0x20008e24       0x18 C:/Users/Megumi Kato/workspace_v10/cc3220emt_CC3220SF-LAUNCHXL_WiFiMKII/Release\libcc3220emt_CC3220SF-LAUNCHXL_WiFiMKII.a(WiFiServer.o)
                0x20008e24                WiFiServer::WiFiServer(unsigned short)
                0x20008e24                WiFiServer::WiFiServer(unsigned short)
 .text._ZN10WiFiClientC2ERKS_
                0x20008e3c       0x58 C:/Users/Megumi Kato/workspace_v10/cc3220emt_CC3220SF-LAUNCHXL_WiFiMKII/Release\libcc3220emt_CC3220SF-LAUNCHXL_WiFiMKII.a(WiFiServer.o)
                0x20008e3c                WiFiClient::WiFiClient(WiFiClient const&)
                0x20008e3c                WiFiClient::WiFiClient(WiFiClient const&)
 .text._ZN10WiFiServer9availableEPh
                0x20008e94      0x164 C:/Users/Megumi Kato/workspace_v10/cc3220emt_CC3220SF-LAUNCHXL_WiFiMKII/Release\libcc3220emt_CC3220SF-LAUNCHXL_WiFiMKII.a(WiFiServer.o)
                0x20008e94                WiFiServer::available(unsigned char*)
 .text.delay    0x20008ff8        0xa C:/Users/Megumi Kato/workspace_v10/cc3220emt_CC3220SF-LAUNCHXL_core/Release\libcc3220emt_CC3220SF-LAUNCHXL_core.a(wiring.o)
                0x20008ff8                delay
 .text.dmaErrorFxn
                0x20009002        0xc C:/Users/Megumi Kato/workspace_v10/cc3220emt_CC3220SF-LAUNCHXL_core/Release\libcc3220emt_CC3220SF-LAUNCHXL_core.a(Board_init.o)
 .text.Board_init
                0x2000900e       0x12 C:/Users/Megumi Kato/workspace_v10/cc3220emt_CC3220SF-LAUNCHXL_core/Release\libcc3220emt_CC3220SF-LAUNCHXL_core.a(Board_init.o)
                0x2000900e                Board_init
 .text._ZN14HardwareSerial5flushEv
                0x20009020        0xe C:/Users/Megumi Kato/workspace_v10/cc3220emt_CC3220SF-LAUNCHXL_core/Release\libcc3220emt_CC3220SF-LAUNCHXL_core.a(HardwareSerial.o)
                0x20009020                HardwareSerial::flush()
 .text._ZN14HardwareSerial5writeEh
                0x2000902e       0x16 C:/Users/Megumi Kato/workspace_v10/cc3220emt_CC3220SF-LAUNCHXL_core/Release\libcc3220emt_CC3220SF-LAUNCHXL_core.a(HardwareSerial.o)
                0x2000902e                HardwareSerial::write(unsigned char)
 .text._ZN14HardwareSerial4peekEv
                0x20009044       0x3a C:/Users/Megumi Kato/workspace_v10/cc3220emt_CC3220SF-LAUNCHXL_core/Release\libcc3220emt_CC3220SF-LAUNCHXL_core.a(HardwareSerial.o)
                0x20009044                HardwareSerial::peek()
 .text._ZN14HardwareSerial9availableEv
                0x2000907e       0x48 C:/Users/Megumi Kato/workspace_v10/cc3220emt_CC3220SF-LAUNCHXL_core/Release\libcc3220emt_CC3220SF-LAUNCHXL_core.a(HardwareSerial.o)
                0x2000907e                HardwareSerial::available()
 .text._ZN14HardwareSerial4readEv
                0x200090c6       0x58 C:/Users/Megumi Kato/workspace_v10/cc3220emt_CC3220SF-LAUNCHXL_core/Release\libcc3220emt_CC3220SF-LAUNCHXL_core.a(HardwareSerial.o)
                0x200090c6                HardwareSerial::read()
 *fill*         0x2000911e        0x2 
 .text._ZN14HardwareSerialC2EmPFvP12UART_Config_PvjES4_
                0x20009120       0x28 C:/Users/Megumi Kato/workspace_v10/cc3220emt_CC3220SF-LAUNCHXL_core/Release\libcc3220emt_CC3220SF-LAUNCHXL_core.a(HardwareSerial.o)
                0x20009120                HardwareSerial::HardwareSerial(unsigned long, void (*)(UART_Config_*, void*, unsigned int), void (*)(UART_Config_*, void*, unsigned int))
                0x20009120                HardwareSerial::HardwareSerial(unsigned long, void (*)(UART_Config_*, void*, unsigned int), void (*)(UART_Config_*, void*, unsigned int))
 .text._ZN14HardwareSerial5beginEm
                0x20009148       0xa6 C:/Users/Megumi Kato/workspace_v10/cc3220emt_CC3220SF-LAUNCHXL_core/Release\libcc3220emt_CC3220SF-LAUNCHXL_core.a(HardwareSerial.o)
                0x20009148                HardwareSerial::begin(unsigned long)
 .text._ZN14HardwareSerial7primeTxEv
                0x200091ee       0x58 C:/Users/Megumi Kato/workspace_v10/cc3220emt_CC3220SF-LAUNCHXL_core/Release\libcc3220emt_CC3220SF-LAUNCHXL_core.a(HardwareSerial.o)
                0x200091ee                HardwareSerial::primeTx()
 .text._ZN14HardwareSerial5writeEPKhj
                0x20009246       0xb0 C:/Users/Megumi Kato/workspace_v10/cc3220emt_CC3220SF-LAUNCHXL_core/Release\libcc3220emt_CC3220SF-LAUNCHXL_core.a(HardwareSerial.o)
                0x20009246                HardwareSerial::write(unsigned char const*, unsigned int)
 .text._ZN14HardwareSerial12readCallbackEP12UART_Config_Pvj
                0x200092f6       0x58 C:/Users/Megumi Kato/workspace_v10/cc3220emt_CC3220SF-LAUNCHXL_core/Release\libcc3220emt_CC3220SF-LAUNCHXL_core.a(HardwareSerial.o)
                0x200092f6                HardwareSerial::readCallback(UART_Config_*, void*, unsigned int)
 .text._ZN14HardwareSerial13writeCallbackEP12UART_Config_Pvj
                0x2000934e       0x6c C:/Users/Megumi Kato/workspace_v10/cc3220emt_CC3220SF-LAUNCHXL_core/Release\libcc3220emt_CC3220SF-LAUNCHXL_core.a(HardwareSerial.o)
                0x2000934e                HardwareSerial::writeCallback(UART_Config_*, void*, unsigned int)
 .text._ZNK9IPAddress7printToER5Print
                0x200093ba       0x3e C:/Users/Megumi Kato/workspace_v10/cc3220emt_CC3220SF-LAUNCHXL_core/Release\libcc3220emt_CC3220SF-LAUNCHXL_core.a(IPAddress.o)
                0x200093ba                IPAddress::printTo(Print&) const
 .text._ZN9IPAddressC2Ev
                0x200093f8       0x10 C:/Users/Megumi Kato/workspace_v10/cc3220emt_CC3220SF-LAUNCHXL_core/Release\libcc3220emt_CC3220SF-LAUNCHXL_core.a(IPAddress.o)
                0x200093f8                IPAddress::IPAddress()
                0x200093f8                IPAddress::IPAddress()
 .text._ZN9IPAddressC2Ehhhh
                0x20009408       0x18 C:/Users/Megumi Kato/workspace_v10/cc3220emt_CC3220SF-LAUNCHXL_core/Release\libcc3220emt_CC3220SF-LAUNCHXL_core.a(IPAddress.o)
                0x20009408                IPAddress::IPAddress(unsigned char, unsigned char, unsigned char, unsigned char)
                0x20009408                IPAddress::IPAddress(unsigned char, unsigned char, unsigned char, unsigned char)
 .text._ZN9IPAddressaSEm
                0x20009420        0x4 C:/Users/Megumi Kato/workspace_v10/cc3220emt_CC3220SF-LAUNCHXL_core/Release\libcc3220emt_CC3220SF-LAUNCHXL_core.a(IPAddress.o)
                0x20009420                IPAddress::operator=(unsigned long)
 .text.startup._GLOBAL__sub_I_INADDR_NONE
                0x20009424       0x1c C:/Users/Megumi Kato/workspace_v10/cc3220emt_CC3220SF-LAUNCHXL_core/Release\libcc3220emt_CC3220SF-LAUNCHXL_core.a(IPAddress.o)
 .text._ZNK10MACAddress7printToER5Print
                0x20009440       0x60 C:/Users/Megumi Kato/workspace_v10/cc3220emt_CC3220SF-LAUNCHXL_core/Release\libcc3220emt_CC3220SF-LAUNCHXL_core.a(MACAddress.o)
                0x20009440                MACAddress::printTo(Print&) const
 .text.startup._GLOBAL__sub_I_MACADDR_NONE
                0x200094a0       0x20 C:/Users/Megumi Kato/workspace_v10/cc3220emt_CC3220SF-LAUNCHXL_core/Release\libcc3220emt_CC3220SF-LAUNCHXL_core.a(MACAddress.o)
 .text._ZN5Print5writeEPKc
                0x200094c0       0x1c C:/Users/Megumi Kato/workspace_v10/cc3220emt_CC3220SF-LAUNCHXL_core/Release\libcc3220emt_CC3220SF-LAUNCHXL_core.a(Print.o)
                0x200094c0                Print::write(char const*)
 .text._ZN5Print5printEPKc
                0x200094dc        0x8 C:/Users/Megumi Kato/workspace_v10/cc3220emt_CC3220SF-LAUNCHXL_core/Release\libcc3220emt_CC3220SF-LAUNCHXL_core.a(Print.o)
                0x200094dc                Print::print(char const*)
 .text._ZN5Print5printEc
                0x200094e4        0x6 C:/Users/Megumi Kato/workspace_v10/cc3220emt_CC3220SF-LAUNCHXL_core/Release\libcc3220emt_CC3220SF-LAUNCHXL_core.a(Print.o)
                0x200094e4                Print::print(char)
 .text._ZN5Print5printERK9Printable
                0x200094ea        0xc C:/Users/Megumi Kato/workspace_v10/cc3220emt_CC3220SF-LAUNCHXL_core/Release\libcc3220emt_CC3220SF-LAUNCHXL_core.a(Print.o)
                0x200094ea                Print::print(Printable const&)
 .text._ZN5Print7printlnEv
                0x200094f6       0x18 C:/Users/Megumi Kato/workspace_v10/cc3220emt_CC3220SF-LAUNCHXL_core/Release\libcc3220emt_CC3220SF-LAUNCHXL_core.a(Print.o)
                0x200094f6                Print::println()
 .text._ZN5Print7printlnEPKc
                0x2000950e       0x14 C:/Users/Megumi Kato/workspace_v10/cc3220emt_CC3220SF-LAUNCHXL_core/Release\libcc3220emt_CC3220SF-LAUNCHXL_core.a(Print.o)
                0x2000950e                Print::println(char const*)
 .text._ZN5Print7printlnERK9Printable
                0x20009522       0x14 C:/Users/Megumi Kato/workspace_v10/cc3220emt_CC3220SF-LAUNCHXL_core/Release\libcc3220emt_CC3220SF-LAUNCHXL_core.a(Print.o)
                0x20009522                Print::println(Printable const&)
 .text._ZN5Print11printNumberEmh
                0x20009536       0x40 C:/Users/Megumi Kato/workspace_v10/cc3220emt_CC3220SF-LAUNCHXL_core/Release\libcc3220emt_CC3220SF-LAUNCHXL_core.a(Print.o)
                0x20009536                Print::printNumber(unsigned long, unsigned char)
 .text._ZN5Print5printEli
                0x20009576       0x44 C:/Users/Megumi Kato/workspace_v10/cc3220emt_CC3220SF-LAUNCHXL_core/Release\libcc3220emt_CC3220SF-LAUNCHXL_core.a(Print.o)
                0x20009576                Print::print(long, int)
 .text._ZN5Print5printEmi
                0x200095ba       0x16 C:/Users/Megumi Kato/workspace_v10/cc3220emt_CC3220SF-LAUNCHXL_core/Release\libcc3220emt_CC3220SF-LAUNCHXL_core.a(Print.o)
                0x200095ba                Print::print(unsigned long, int)
 .text._ZN5Print5printEhi
                0x200095d0        0x4 C:/Users/Megumi Kato/workspace_v10/cc3220emt_CC3220SF-LAUNCHXL_core/Release\libcc3220emt_CC3220SF-LAUNCHXL_core.a(Print.o)
                0x200095d0                Print::print(unsigned char, int)
 .text._Z16uartReadCallbackP12UART_Config_Pvj
                0x200095d4       0x10 C:/Users/Megumi Kato/workspace_v10/cc3220emt_CC3220SF-LAUNCHXL_core/Release\libcc3220emt_CC3220SF-LAUNCHXL_core.a(SerialObjects.o)
                0x200095d4                uartReadCallback(UART_Config_*, void*, unsigned int)
 .text._Z17uartReadCallback1P12UART_Config_Pvj
                0x200095e4       0x10 C:/Users/Megumi Kato/workspace_v10/cc3220emt_CC3220SF-LAUNCHXL_core/Release\libcc3220emt_CC3220SF-LAUNCHXL_core.a(SerialObjects.o)
                0x200095e4                uartReadCallback1(UART_Config_*, void*, unsigned int)
 .text._Z17uartWriteCallbackP12UART_Config_Pvj
                0x200095f4       0x10 C:/Users/Megumi Kato/workspace_v10/cc3220emt_CC3220SF-LAUNCHXL_core/Release\libcc3220emt_CC3220SF-LAUNCHXL_core.a(SerialObjects.o)
                0x200095f4                uartWriteCallback(UART_Config_*, void*, unsigned int)
 .text._Z18uartWriteCallback1P12UART_Config_Pvj
                0x20009604       0x10 C:/Users/Megumi Kato/workspace_v10/cc3220emt_CC3220SF-LAUNCHXL_core/Release\libcc3220emt_CC3220SF-LAUNCHXL_core.a(SerialObjects.o)
                0x20009604                uartWriteCallback1(UART_Config_*, void*, unsigned int)
 .text.startup._GLOBAL__sub_I__Z16uartReadCallbackP12UART_Config_Pvj
                0x20009614       0x38 C:/Users/Megumi Kato/workspace_v10/cc3220emt_CC3220SF-LAUNCHXL_core/Release\libcc3220emt_CC3220SF-LAUNCHXL_core.a(SerialObjects.o)
 .text._SlDeviceGetStartResponseConvert
                0x2000964c       0x24 C:/ti/energia_cc3220emt_5.6.2/system/source/ti/drivers/net/wifi/gcc/rtos/simplelink.a(device.obj)
 .text.sl_Task  0x20009670       0x16 C:/ti/energia_cc3220emt_5.6.2/system/source/ti/drivers/net/wifi/gcc/rtos/simplelink.a(device.obj)
                0x20009670                sl_Task
 *fill*         0x20009686        0x2 
 .text.sl_Start
                0x20009688      0x150 C:/ti/energia_cc3220emt_5.6.2/system/source/ti/drivers/net/wifi/gcc/rtos/simplelink.a(device.obj)
                0x20009688                sl_Start